

================================================================
== Vitis HLS Report for 'PE_kernel_Pipeline_init_distances'
================================================================
* Date:           Mon Jul 10 16:40:56 2023

* Version:        2021.1 (Build 3247384 on Thu Jun 10 19:36:07 MDT 2021)
* Project:        prj
* Solution:       sol (Vivado IP Flow Target)
* Product family: virtexuplus
* Target device:  xcu250-figd2104-2L-e


================================================================
== Performance Estimates
================================================================
+ Timing: 
    * Summary: 
    +--------+---------+----------+------------+
    |  Clock |  Target | Estimated| Uncertainty|
    +--------+---------+----------+------------+
    |ap_clk  |  3.33 ns|  2.390 ns|     0.90 ns|
    +--------+---------+----------+------------+

+ Latency: 
    * Summary: 
    +---------+---------+----------+----------+-----+-----+---------+
    |  Latency (cycles) |  Latency (absolute) |  Interval | Pipeline|
    |   min   |   max   |    min   |    max   | min | max |   Type  |
    +---------+---------+----------+----------+-----+-----+---------+
    |       35|       35|  0.117 us|  0.117 us|   35|   35|       no|
    +---------+---------+----------+----------+-----+-----+---------+

    + Detail: 
        * Instance: 
        N/A

        * Loop: 
        +------------------+---------+---------+----------+-----------+-----------+------+----------+
        |                  |  Latency (cycles) | Iteration|  Initiation Interval  | Trip |          |
        |     Loop Name    |   min   |   max   |  Latency |  achieved |   target  | Count| Pipelined|
        +------------------+---------+---------+----------+-----------+-----------+------+----------+
        |- init_distances  |       33|       33|         3|          1|          1|    32|       yes|
        +------------------+---------+---------+----------+-----------+-----------+------+----------+

============================================================
+ Verbose Summary: Synthesis Manager
============================================================
InlineROM: 1
ExposeGlobal: 0
============================================================
+ Verbose Summary: CDFG Model
============================================================
IsTopModel: 0
ResetActiveHigh: 1
IsCombinational: 0
IsDatapathOnly: 0
HasWiredReturn: 1
HasMFsm: 2
HasVarLatency: 1
IsPipeline: 0
IsRtlPipelined: 0
IsInstanceOverlapped: 0
IsDontTouch: 0
HasImplIP: 0
IsGatedGlobalClock: 0

+ Individual pipeline summary: 
  * Pipeline-0: initiation interval (II) = 1, depth = 3


============================================================
+ Verbose Summary: Schedule
============================================================
* Number of FSM states : 3
* Pipeline : 1
  Pipeline-0 : II = 1, D = 3, States = { 1 2 3 }
* Dataflow Pipeline: 0

* FSM state transitions: 
1 --> 2 
2 --> 3 
3 --> 

* FSM state operations: 

State 1 <SV = 0> <Delay = 2.39>
ST_1 : Operation 6 [1/1] (0.00ns)   --->   "%j = alloca i32 1"   --->   Operation 6 'alloca' 'j' <Predicate = true> <Delay = 0.00>
ST_1 : Operation 7 [1/1] (0.00ns)   --->   "%distance_buffer_0_0 = alloca i32 1"   --->   Operation 7 'alloca' 'distance_buffer_0_0' <Predicate = true> <Delay = 0.00>
ST_1 : Operation 8 [1/1] (0.00ns)   --->   "%distance_buffer_1_0 = alloca i32 1"   --->   Operation 8 'alloca' 'distance_buffer_1_0' <Predicate = true> <Delay = 0.00>
ST_1 : Operation 9 [1/1] (0.00ns)   --->   "%distance_buffer_2_0 = alloca i32 1"   --->   Operation 9 'alloca' 'distance_buffer_2_0' <Predicate = true> <Delay = 0.00>
ST_1 : Operation 10 [1/1] (0.00ns)   --->   "%distance_buffer_3_0 = alloca i32 1"   --->   Operation 10 'alloca' 'distance_buffer_3_0' <Predicate = true> <Delay = 0.00>
ST_1 : Operation 11 [1/1] (0.00ns)   --->   "%distance_buffer_4_0 = alloca i32 1"   --->   Operation 11 'alloca' 'distance_buffer_4_0' <Predicate = true> <Delay = 0.00>
ST_1 : Operation 12 [1/1] (0.00ns)   --->   "%distance_buffer_5_0 = alloca i32 1"   --->   Operation 12 'alloca' 'distance_buffer_5_0' <Predicate = true> <Delay = 0.00>
ST_1 : Operation 13 [1/1] (0.00ns)   --->   "%distance_buffer_6_0 = alloca i32 1"   --->   Operation 13 'alloca' 'distance_buffer_6_0' <Predicate = true> <Delay = 0.00>
ST_1 : Operation 14 [1/1] (0.00ns)   --->   "%distance_buffer_7_0 = alloca i32 1"   --->   Operation 14 'alloca' 'distance_buffer_7_0' <Predicate = true> <Delay = 0.00>
ST_1 : Operation 15 [1/1] (0.00ns)   --->   "%distance_buffer_8_0 = alloca i32 1"   --->   Operation 15 'alloca' 'distance_buffer_8_0' <Predicate = true> <Delay = 0.00>
ST_1 : Operation 16 [1/1] (0.00ns)   --->   "%distance_buffer_9_0 = alloca i32 1"   --->   Operation 16 'alloca' 'distance_buffer_9_0' <Predicate = true> <Delay = 0.00>
ST_1 : Operation 17 [1/1] (0.00ns)   --->   "%distance_buffer_10_0 = alloca i32 1"   --->   Operation 17 'alloca' 'distance_buffer_10_0' <Predicate = true> <Delay = 0.00>
ST_1 : Operation 18 [1/1] (0.00ns)   --->   "%distance_buffer_11_0 = alloca i32 1"   --->   Operation 18 'alloca' 'distance_buffer_11_0' <Predicate = true> <Delay = 0.00>
ST_1 : Operation 19 [1/1] (0.00ns)   --->   "%distance_buffer_12_0 = alloca i32 1"   --->   Operation 19 'alloca' 'distance_buffer_12_0' <Predicate = true> <Delay = 0.00>
ST_1 : Operation 20 [1/1] (0.00ns)   --->   "%distance_buffer_13_0 = alloca i32 1"   --->   Operation 20 'alloca' 'distance_buffer_13_0' <Predicate = true> <Delay = 0.00>
ST_1 : Operation 21 [1/1] (0.00ns)   --->   "%distance_buffer_14_0 = alloca i32 1"   --->   Operation 21 'alloca' 'distance_buffer_14_0' <Predicate = true> <Delay = 0.00>
ST_1 : Operation 22 [1/1] (0.00ns)   --->   "%distance_buffer_15_0 = alloca i32 1"   --->   Operation 22 'alloca' 'distance_buffer_15_0' <Predicate = true> <Delay = 0.00>
ST_1 : Operation 23 [1/1] (0.00ns)   --->   "%distance_buffer_16_0 = alloca i32 1"   --->   Operation 23 'alloca' 'distance_buffer_16_0' <Predicate = true> <Delay = 0.00>
ST_1 : Operation 24 [1/1] (0.00ns)   --->   "%distance_buffer_17_0 = alloca i32 1"   --->   Operation 24 'alloca' 'distance_buffer_17_0' <Predicate = true> <Delay = 0.00>
ST_1 : Operation 25 [1/1] (0.00ns)   --->   "%distance_buffer_18_0 = alloca i32 1"   --->   Operation 25 'alloca' 'distance_buffer_18_0' <Predicate = true> <Delay = 0.00>
ST_1 : Operation 26 [1/1] (0.00ns)   --->   "%distance_buffer_19_0 = alloca i32 1"   --->   Operation 26 'alloca' 'distance_buffer_19_0' <Predicate = true> <Delay = 0.00>
ST_1 : Operation 27 [1/1] (0.00ns)   --->   "%distance_buffer_20_0 = alloca i32 1"   --->   Operation 27 'alloca' 'distance_buffer_20_0' <Predicate = true> <Delay = 0.00>
ST_1 : Operation 28 [1/1] (0.00ns)   --->   "%distance_buffer_21_0 = alloca i32 1"   --->   Operation 28 'alloca' 'distance_buffer_21_0' <Predicate = true> <Delay = 0.00>
ST_1 : Operation 29 [1/1] (0.00ns)   --->   "%distance_buffer_22_0 = alloca i32 1"   --->   Operation 29 'alloca' 'distance_buffer_22_0' <Predicate = true> <Delay = 0.00>
ST_1 : Operation 30 [1/1] (0.00ns)   --->   "%distance_buffer_23_0 = alloca i32 1"   --->   Operation 30 'alloca' 'distance_buffer_23_0' <Predicate = true> <Delay = 0.00>
ST_1 : Operation 31 [1/1] (0.00ns)   --->   "%distance_buffer_24_0 = alloca i32 1"   --->   Operation 31 'alloca' 'distance_buffer_24_0' <Predicate = true> <Delay = 0.00>
ST_1 : Operation 32 [1/1] (0.00ns)   --->   "%distance_buffer_25_0 = alloca i32 1"   --->   Operation 32 'alloca' 'distance_buffer_25_0' <Predicate = true> <Delay = 0.00>
ST_1 : Operation 33 [1/1] (0.00ns)   --->   "%distance_buffer_26_0 = alloca i32 1"   --->   Operation 33 'alloca' 'distance_buffer_26_0' <Predicate = true> <Delay = 0.00>
ST_1 : Operation 34 [1/1] (0.00ns)   --->   "%distance_buffer_27_0 = alloca i32 1"   --->   Operation 34 'alloca' 'distance_buffer_27_0' <Predicate = true> <Delay = 0.00>
ST_1 : Operation 35 [1/1] (0.00ns)   --->   "%distance_buffer_28_0 = alloca i32 1"   --->   Operation 35 'alloca' 'distance_buffer_28_0' <Predicate = true> <Delay = 0.00>
ST_1 : Operation 36 [1/1] (0.00ns)   --->   "%distance_buffer_29_0 = alloca i32 1"   --->   Operation 36 'alloca' 'distance_buffer_29_0' <Predicate = true> <Delay = 0.00>
ST_1 : Operation 37 [1/1] (0.00ns)   --->   "%distance_buffer_30_0 = alloca i32 1"   --->   Operation 37 'alloca' 'distance_buffer_30_0' <Predicate = true> <Delay = 0.00>
ST_1 : Operation 38 [1/1] (0.00ns)   --->   "%distance_buffer_31_0 = alloca i32 1"   --->   Operation 38 'alloca' 'distance_buffer_31_0' <Predicate = true> <Delay = 0.00>
ST_1 : Operation 39 [1/1] (0.00ns)   --->   "%zext_ln27_read = read i12 @_ssdm_op_Read.ap_auto.i12, i12 %zext_ln27"   --->   Operation 39 'read' 'zext_ln27_read' <Predicate = true> <Delay = 0.00>
ST_1 : Operation 40 [1/1] (0.38ns)   --->   "%store_ln0 = store i6 0, i6 %j"   --->   Operation 40 'store' 'store_ln0' <Predicate = true> <Delay = 0.38>
ST_1 : Operation 41 [1/1] (0.00ns)   --->   "%br_ln0 = br void"   --->   Operation 41 'br' 'br_ln0' <Predicate = true> <Delay = 0.00>
ST_1 : Operation 42 [1/1] (0.00ns)   --->   "%j_2 = load i6 %j" [sssp_kernel.cpp:27]   --->   Operation 42 'load' 'j_2' <Predicate = true> <Delay = 0.00>
ST_1 : Operation 43 [1/1] (0.61ns)   --->   "%icmp_ln25 = icmp_eq  i6 %j_2, i6 32" [sssp_kernel.cpp:25]   --->   Operation 43 'icmp' 'icmp_ln25' <Predicate = true> <Delay = 0.61> <CoreInst = "Cmp">   --->   Core 9 'Cmp' <Latency = 0> <II = 1> <Delay = 0.85> <FuncUnit> <Opcode : 'icmp'> <InPorts = 2> <OutPorts = 1>
ST_1 : Operation 44 [1/1] (0.00ns)   --->   "%empty = speclooptripcount i32 @_ssdm_op_SpecLoopTripCount, i64 32, i64 32, i64 32"   --->   Operation 44 'speclooptripcount' 'empty' <Predicate = true> <Delay = 0.00>
ST_1 : Operation 45 [1/1] (0.70ns)   --->   "%add_ln25 = add i6 %j_2, i6 1" [sssp_kernel.cpp:25]   --->   Operation 45 'add' 'add_ln25' <Predicate = true> <Delay = 0.70> <CoreInst = "Adder">   --->   Core 1 'Adder' <Latency = 0> <II = 1> <Delay = 0.74> <FuncUnit> <Opcode : 'add' 'sub'> <InPorts = 2> <OutPorts = 1>
ST_1 : Operation 46 [1/1] (0.00ns)   --->   "%br_ln25 = br i1 %icmp_ln25, void %.split6, void %.lr.ph.exitStub" [sssp_kernel.cpp:25]   --->   Operation 46 'br' 'br_ln25' <Predicate = true> <Delay = 0.00>
ST_1 : Operation 47 [1/1] (0.00ns)   --->   "%zext_ln27_1 = zext i6 %j_2" [sssp_kernel.cpp:27]   --->   Operation 47 'zext' 'zext_ln27_1' <Predicate = (!icmp_ln25)> <Delay = 0.00>
ST_1 : Operation 48 [1/1] (0.74ns)   --->   "%add_ln27 = add i12 %zext_ln27_read, i12 %zext_ln27_1" [sssp_kernel.cpp:27]   --->   Operation 48 'add' 'add_ln27' <Predicate = (!icmp_ln25)> <Delay = 0.74> <CoreInst = "Adder">   --->   Core 1 'Adder' <Latency = 0> <II = 1> <Delay = 0.74> <FuncUnit> <Opcode : 'add' 'sub'> <InPorts = 2> <OutPorts = 1>
ST_1 : Operation 49 [1/1] (0.00ns)   --->   "%zext_ln27_2 = zext i12 %add_ln27" [sssp_kernel.cpp:27]   --->   Operation 49 'zext' 'zext_ln27_2' <Predicate = (!icmp_ln25)> <Delay = 0.00>
ST_1 : Operation 50 [1/1] (0.00ns)   --->   "%local_in_a_addr = getelementptr i32 %local_in_a, i64 0, i64 %zext_ln27_2" [sssp_kernel.cpp:27]   --->   Operation 50 'getelementptr' 'local_in_a_addr' <Predicate = (!icmp_ln25)> <Delay = 0.00>
ST_1 : Operation 51 [2/2] (1.64ns)   --->   "%local_in_a_load = load i12 %local_in_a_addr" [sssp_kernel.cpp:27]   --->   Operation 51 'load' 'local_in_a_load' <Predicate = (!icmp_ln25)> <Delay = 1.64> <CoreInst = "RAM">   --->   Core 83 'RAM' <Latency = 1> <II = 1> <Delay = 1.64> <Storage> <Opcode : 'load' 'store'> <Ports = 2> <Width = 32> <Depth = 4096> <RAM>
ST_1 : Operation 52 [1/1] (0.00ns)   --->   "%trunc_ln27 = trunc i6 %j_2" [sssp_kernel.cpp:27]   --->   Operation 52 'trunc' 'trunc_ln27' <Predicate = (!icmp_ln25)> <Delay = 0.00>
ST_1 : Operation 53 [1/1] (0.59ns)   --->   "%switch_ln27 = switch i5 %trunc_ln27, void %branch63, i5 0, void %.split6..split6144_crit_edge, i5 1, void %.split6..split6144_crit_edge4, i5 2, void %branch34, i5 3, void %branch35, i5 4, void %branch36, i5 5, void %branch37, i5 6, void %branch38, i5 7, void %branch39, i5 8, void %branch40, i5 9, void %branch41, i5 10, void %branch42, i5 11, void %branch43, i5 12, void %branch44, i5 13, void %branch45, i5 14, void %branch46, i5 15, void %branch47, i5 16, void %branch48, i5 17, void %branch49, i5 18, void %branch50, i5 19, void %branch51, i5 20, void %branch52, i5 21, void %branch53, i5 22, void %branch54, i5 23, void %branch55, i5 24, void %branch56, i5 25, void %branch57, i5 26, void %branch58, i5 27, void %branch59, i5 28, void %branch60, i5 29, void %branch61, i5 30, void %branch62" [sssp_kernel.cpp:27]   --->   Operation 53 'switch' 'switch_ln27' <Predicate = (!icmp_ln25)> <Delay = 0.59>
ST_1 : Operation 54 [1/1] (0.38ns)   --->   "%store_ln25 = store i6 %add_ln25, i6 %j" [sssp_kernel.cpp:25]   --->   Operation 54 'store' 'store_ln25' <Predicate = (!icmp_ln25)> <Delay = 0.38>
ST_1 : Operation 55 [1/1] (0.00ns)   --->   "%br_ln0 = br void"   --->   Operation 55 'br' 'br_ln0' <Predicate = (!icmp_ln25)> <Delay = 0.00>

State 2 <SV = 1> <Delay = 1.64>
ST_2 : Operation 56 [1/2] (1.64ns)   --->   "%local_in_a_load = load i12 %local_in_a_addr" [sssp_kernel.cpp:27]   --->   Operation 56 'load' 'local_in_a_load' <Predicate = true> <Delay = 1.64> <CoreInst = "RAM">   --->   Core 83 'RAM' <Latency = 1> <II = 1> <Delay = 1.64> <Storage> <Opcode : 'load' 'store'> <Ports = 2> <Width = 32> <Depth = 4096> <RAM>
ST_2 : Operation 125 [1/1] (0.00ns)   --->   "%distance_buffer_0_0_load = load i32 %distance_buffer_0_0"   --->   Operation 125 'load' 'distance_buffer_0_0_load' <Predicate = (icmp_ln25)> <Delay = 0.00>
ST_2 : Operation 126 [1/1] (0.00ns)   --->   "%distance_buffer_1_0_load = load i32 %distance_buffer_1_0"   --->   Operation 126 'load' 'distance_buffer_1_0_load' <Predicate = (icmp_ln25)> <Delay = 0.00>
ST_2 : Operation 127 [1/1] (0.00ns)   --->   "%distance_buffer_2_0_load = load i32 %distance_buffer_2_0"   --->   Operation 127 'load' 'distance_buffer_2_0_load' <Predicate = (icmp_ln25)> <Delay = 0.00>
ST_2 : Operation 128 [1/1] (0.00ns)   --->   "%distance_buffer_3_0_load = load i32 %distance_buffer_3_0"   --->   Operation 128 'load' 'distance_buffer_3_0_load' <Predicate = (icmp_ln25)> <Delay = 0.00>
ST_2 : Operation 129 [1/1] (0.00ns)   --->   "%distance_buffer_4_0_load = load i32 %distance_buffer_4_0"   --->   Operation 129 'load' 'distance_buffer_4_0_load' <Predicate = (icmp_ln25)> <Delay = 0.00>
ST_2 : Operation 130 [1/1] (0.00ns)   --->   "%distance_buffer_5_0_load = load i32 %distance_buffer_5_0"   --->   Operation 130 'load' 'distance_buffer_5_0_load' <Predicate = (icmp_ln25)> <Delay = 0.00>
ST_2 : Operation 131 [1/1] (0.00ns)   --->   "%distance_buffer_6_0_load = load i32 %distance_buffer_6_0"   --->   Operation 131 'load' 'distance_buffer_6_0_load' <Predicate = (icmp_ln25)> <Delay = 0.00>
ST_2 : Operation 132 [1/1] (0.00ns)   --->   "%distance_buffer_7_0_load = load i32 %distance_buffer_7_0"   --->   Operation 132 'load' 'distance_buffer_7_0_load' <Predicate = (icmp_ln25)> <Delay = 0.00>
ST_2 : Operation 133 [1/1] (0.00ns)   --->   "%distance_buffer_8_0_load = load i32 %distance_buffer_8_0"   --->   Operation 133 'load' 'distance_buffer_8_0_load' <Predicate = (icmp_ln25)> <Delay = 0.00>
ST_2 : Operation 134 [1/1] (0.00ns)   --->   "%distance_buffer_9_0_load = load i32 %distance_buffer_9_0"   --->   Operation 134 'load' 'distance_buffer_9_0_load' <Predicate = (icmp_ln25)> <Delay = 0.00>
ST_2 : Operation 135 [1/1] (0.00ns)   --->   "%distance_buffer_10_0_load = load i32 %distance_buffer_10_0"   --->   Operation 135 'load' 'distance_buffer_10_0_load' <Predicate = (icmp_ln25)> <Delay = 0.00>
ST_2 : Operation 136 [1/1] (0.00ns)   --->   "%distance_buffer_11_0_load = load i32 %distance_buffer_11_0"   --->   Operation 136 'load' 'distance_buffer_11_0_load' <Predicate = (icmp_ln25)> <Delay = 0.00>
ST_2 : Operation 137 [1/1] (0.00ns)   --->   "%distance_buffer_12_0_load = load i32 %distance_buffer_12_0"   --->   Operation 137 'load' 'distance_buffer_12_0_load' <Predicate = (icmp_ln25)> <Delay = 0.00>
ST_2 : Operation 138 [1/1] (0.00ns)   --->   "%distance_buffer_13_0_load = load i32 %distance_buffer_13_0"   --->   Operation 138 'load' 'distance_buffer_13_0_load' <Predicate = (icmp_ln25)> <Delay = 0.00>
ST_2 : Operation 139 [1/1] (0.00ns)   --->   "%distance_buffer_14_0_load = load i32 %distance_buffer_14_0"   --->   Operation 139 'load' 'distance_buffer_14_0_load' <Predicate = (icmp_ln25)> <Delay = 0.00>
ST_2 : Operation 140 [1/1] (0.00ns)   --->   "%distance_buffer_15_0_load = load i32 %distance_buffer_15_0"   --->   Operation 140 'load' 'distance_buffer_15_0_load' <Predicate = (icmp_ln25)> <Delay = 0.00>
ST_2 : Operation 141 [1/1] (0.00ns)   --->   "%distance_buffer_16_0_load = load i32 %distance_buffer_16_0"   --->   Operation 141 'load' 'distance_buffer_16_0_load' <Predicate = (icmp_ln25)> <Delay = 0.00>
ST_2 : Operation 142 [1/1] (0.00ns)   --->   "%distance_buffer_17_0_load = load i32 %distance_buffer_17_0"   --->   Operation 142 'load' 'distance_buffer_17_0_load' <Predicate = (icmp_ln25)> <Delay = 0.00>
ST_2 : Operation 143 [1/1] (0.00ns)   --->   "%distance_buffer_18_0_load = load i32 %distance_buffer_18_0"   --->   Operation 143 'load' 'distance_buffer_18_0_load' <Predicate = (icmp_ln25)> <Delay = 0.00>
ST_2 : Operation 144 [1/1] (0.00ns)   --->   "%distance_buffer_19_0_load = load i32 %distance_buffer_19_0"   --->   Operation 144 'load' 'distance_buffer_19_0_load' <Predicate = (icmp_ln25)> <Delay = 0.00>
ST_2 : Operation 145 [1/1] (0.00ns)   --->   "%distance_buffer_20_0_load = load i32 %distance_buffer_20_0"   --->   Operation 145 'load' 'distance_buffer_20_0_load' <Predicate = (icmp_ln25)> <Delay = 0.00>
ST_2 : Operation 146 [1/1] (0.00ns)   --->   "%distance_buffer_21_0_load = load i32 %distance_buffer_21_0"   --->   Operation 146 'load' 'distance_buffer_21_0_load' <Predicate = (icmp_ln25)> <Delay = 0.00>
ST_2 : Operation 147 [1/1] (0.00ns)   --->   "%distance_buffer_22_0_load = load i32 %distance_buffer_22_0"   --->   Operation 147 'load' 'distance_buffer_22_0_load' <Predicate = (icmp_ln25)> <Delay = 0.00>
ST_2 : Operation 148 [1/1] (0.00ns)   --->   "%distance_buffer_23_0_load = load i32 %distance_buffer_23_0"   --->   Operation 148 'load' 'distance_buffer_23_0_load' <Predicate = (icmp_ln25)> <Delay = 0.00>
ST_2 : Operation 149 [1/1] (0.00ns)   --->   "%distance_buffer_24_0_load = load i32 %distance_buffer_24_0"   --->   Operation 149 'load' 'distance_buffer_24_0_load' <Predicate = (icmp_ln25)> <Delay = 0.00>
ST_2 : Operation 150 [1/1] (0.00ns)   --->   "%distance_buffer_25_0_load = load i32 %distance_buffer_25_0"   --->   Operation 150 'load' 'distance_buffer_25_0_load' <Predicate = (icmp_ln25)> <Delay = 0.00>
ST_2 : Operation 151 [1/1] (0.00ns)   --->   "%distance_buffer_26_0_load = load i32 %distance_buffer_26_0"   --->   Operation 151 'load' 'distance_buffer_26_0_load' <Predicate = (icmp_ln25)> <Delay = 0.00>
ST_2 : Operation 152 [1/1] (0.00ns)   --->   "%distance_buffer_27_0_load = load i32 %distance_buffer_27_0"   --->   Operation 152 'load' 'distance_buffer_27_0_load' <Predicate = (icmp_ln25)> <Delay = 0.00>
ST_2 : Operation 153 [1/1] (0.00ns)   --->   "%distance_buffer_28_0_load = load i32 %distance_buffer_28_0"   --->   Operation 153 'load' 'distance_buffer_28_0_load' <Predicate = (icmp_ln25)> <Delay = 0.00>
ST_2 : Operation 154 [1/1] (0.00ns)   --->   "%distance_buffer_29_0_load = load i32 %distance_buffer_29_0"   --->   Operation 154 'load' 'distance_buffer_29_0_load' <Predicate = (icmp_ln25)> <Delay = 0.00>
ST_2 : Operation 155 [1/1] (0.00ns)   --->   "%distance_buffer_30_0_load = load i32 %distance_buffer_30_0"   --->   Operation 155 'load' 'distance_buffer_30_0_load' <Predicate = (icmp_ln25)> <Delay = 0.00>
ST_2 : Operation 156 [1/1] (0.00ns)   --->   "%distance_buffer_31_0_load = load i32 %distance_buffer_31_0"   --->   Operation 156 'load' 'distance_buffer_31_0_load' <Predicate = (icmp_ln25)> <Delay = 0.00>
ST_2 : Operation 157 [1/1] (0.00ns)   --->   "%write_ln0 = write void @_ssdm_op_Write.ap_auto.i32P0A, i32 %distance_buffer_31_0_out, i32 %distance_buffer_31_0_load"   --->   Operation 157 'write' 'write_ln0' <Predicate = (icmp_ln25)> <Delay = 0.00>
ST_2 : Operation 158 [1/1] (0.00ns)   --->   "%write_ln0 = write void @_ssdm_op_Write.ap_auto.i32P0A, i32 %distance_buffer_30_0_out, i32 %distance_buffer_30_0_load"   --->   Operation 158 'write' 'write_ln0' <Predicate = (icmp_ln25)> <Delay = 0.00>
ST_2 : Operation 159 [1/1] (0.00ns)   --->   "%write_ln0 = write void @_ssdm_op_Write.ap_auto.i32P0A, i32 %distance_buffer_29_0_out, i32 %distance_buffer_29_0_load"   --->   Operation 159 'write' 'write_ln0' <Predicate = (icmp_ln25)> <Delay = 0.00>
ST_2 : Operation 160 [1/1] (0.00ns)   --->   "%write_ln0 = write void @_ssdm_op_Write.ap_auto.i32P0A, i32 %distance_buffer_28_0_out, i32 %distance_buffer_28_0_load"   --->   Operation 160 'write' 'write_ln0' <Predicate = (icmp_ln25)> <Delay = 0.00>
ST_2 : Operation 161 [1/1] (0.00ns)   --->   "%write_ln0 = write void @_ssdm_op_Write.ap_auto.i32P0A, i32 %distance_buffer_27_0_out, i32 %distance_buffer_27_0_load"   --->   Operation 161 'write' 'write_ln0' <Predicate = (icmp_ln25)> <Delay = 0.00>
ST_2 : Operation 162 [1/1] (0.00ns)   --->   "%write_ln0 = write void @_ssdm_op_Write.ap_auto.i32P0A, i32 %distance_buffer_26_0_out, i32 %distance_buffer_26_0_load"   --->   Operation 162 'write' 'write_ln0' <Predicate = (icmp_ln25)> <Delay = 0.00>
ST_2 : Operation 163 [1/1] (0.00ns)   --->   "%write_ln0 = write void @_ssdm_op_Write.ap_auto.i32P0A, i32 %distance_buffer_25_0_out, i32 %distance_buffer_25_0_load"   --->   Operation 163 'write' 'write_ln0' <Predicate = (icmp_ln25)> <Delay = 0.00>
ST_2 : Operation 164 [1/1] (0.00ns)   --->   "%write_ln0 = write void @_ssdm_op_Write.ap_auto.i32P0A, i32 %distance_buffer_24_0_out, i32 %distance_buffer_24_0_load"   --->   Operation 164 'write' 'write_ln0' <Predicate = (icmp_ln25)> <Delay = 0.00>
ST_2 : Operation 165 [1/1] (0.00ns)   --->   "%write_ln0 = write void @_ssdm_op_Write.ap_auto.i32P0A, i32 %distance_buffer_23_0_out, i32 %distance_buffer_23_0_load"   --->   Operation 165 'write' 'write_ln0' <Predicate = (icmp_ln25)> <Delay = 0.00>
ST_2 : Operation 166 [1/1] (0.00ns)   --->   "%write_ln0 = write void @_ssdm_op_Write.ap_auto.i32P0A, i32 %distance_buffer_22_0_out, i32 %distance_buffer_22_0_load"   --->   Operation 166 'write' 'write_ln0' <Predicate = (icmp_ln25)> <Delay = 0.00>
ST_2 : Operation 167 [1/1] (0.00ns)   --->   "%write_ln0 = write void @_ssdm_op_Write.ap_auto.i32P0A, i32 %distance_buffer_21_0_out, i32 %distance_buffer_21_0_load"   --->   Operation 167 'write' 'write_ln0' <Predicate = (icmp_ln25)> <Delay = 0.00>
ST_2 : Operation 168 [1/1] (0.00ns)   --->   "%write_ln0 = write void @_ssdm_op_Write.ap_auto.i32P0A, i32 %distance_buffer_20_0_out, i32 %distance_buffer_20_0_load"   --->   Operation 168 'write' 'write_ln0' <Predicate = (icmp_ln25)> <Delay = 0.00>
ST_2 : Operation 169 [1/1] (0.00ns)   --->   "%write_ln0 = write void @_ssdm_op_Write.ap_auto.i32P0A, i32 %distance_buffer_19_0_out, i32 %distance_buffer_19_0_load"   --->   Operation 169 'write' 'write_ln0' <Predicate = (icmp_ln25)> <Delay = 0.00>
ST_2 : Operation 170 [1/1] (0.00ns)   --->   "%write_ln0 = write void @_ssdm_op_Write.ap_auto.i32P0A, i32 %distance_buffer_18_0_out, i32 %distance_buffer_18_0_load"   --->   Operation 170 'write' 'write_ln0' <Predicate = (icmp_ln25)> <Delay = 0.00>
ST_2 : Operation 171 [1/1] (0.00ns)   --->   "%write_ln0 = write void @_ssdm_op_Write.ap_auto.i32P0A, i32 %distance_buffer_17_0_out, i32 %distance_buffer_17_0_load"   --->   Operation 171 'write' 'write_ln0' <Predicate = (icmp_ln25)> <Delay = 0.00>
ST_2 : Operation 172 [1/1] (0.00ns)   --->   "%write_ln0 = write void @_ssdm_op_Write.ap_auto.i32P0A, i32 %distance_buffer_16_0_out, i32 %distance_buffer_16_0_load"   --->   Operation 172 'write' 'write_ln0' <Predicate = (icmp_ln25)> <Delay = 0.00>
ST_2 : Operation 173 [1/1] (0.00ns)   --->   "%write_ln0 = write void @_ssdm_op_Write.ap_auto.i32P0A, i32 %distance_buffer_15_0_out, i32 %distance_buffer_15_0_load"   --->   Operation 173 'write' 'write_ln0' <Predicate = (icmp_ln25)> <Delay = 0.00>
ST_2 : Operation 174 [1/1] (0.00ns)   --->   "%write_ln0 = write void @_ssdm_op_Write.ap_auto.i32P0A, i32 %distance_buffer_14_0_out, i32 %distance_buffer_14_0_load"   --->   Operation 174 'write' 'write_ln0' <Predicate = (icmp_ln25)> <Delay = 0.00>
ST_2 : Operation 175 [1/1] (0.00ns)   --->   "%write_ln0 = write void @_ssdm_op_Write.ap_auto.i32P0A, i32 %distance_buffer_13_0_out, i32 %distance_buffer_13_0_load"   --->   Operation 175 'write' 'write_ln0' <Predicate = (icmp_ln25)> <Delay = 0.00>
ST_2 : Operation 176 [1/1] (0.00ns)   --->   "%write_ln0 = write void @_ssdm_op_Write.ap_auto.i32P0A, i32 %distance_buffer_12_0_out, i32 %distance_buffer_12_0_load"   --->   Operation 176 'write' 'write_ln0' <Predicate = (icmp_ln25)> <Delay = 0.00>
ST_2 : Operation 177 [1/1] (0.00ns)   --->   "%write_ln0 = write void @_ssdm_op_Write.ap_auto.i32P0A, i32 %distance_buffer_11_0_out, i32 %distance_buffer_11_0_load"   --->   Operation 177 'write' 'write_ln0' <Predicate = (icmp_ln25)> <Delay = 0.00>
ST_2 : Operation 178 [1/1] (0.00ns)   --->   "%write_ln0 = write void @_ssdm_op_Write.ap_auto.i32P0A, i32 %distance_buffer_10_0_out, i32 %distance_buffer_10_0_load"   --->   Operation 178 'write' 'write_ln0' <Predicate = (icmp_ln25)> <Delay = 0.00>
ST_2 : Operation 179 [1/1] (0.00ns)   --->   "%write_ln0 = write void @_ssdm_op_Write.ap_auto.i32P0A, i32 %distance_buffer_9_0_out, i32 %distance_buffer_9_0_load"   --->   Operation 179 'write' 'write_ln0' <Predicate = (icmp_ln25)> <Delay = 0.00>
ST_2 : Operation 180 [1/1] (0.00ns)   --->   "%write_ln0 = write void @_ssdm_op_Write.ap_auto.i32P0A, i32 %distance_buffer_8_0_out, i32 %distance_buffer_8_0_load"   --->   Operation 180 'write' 'write_ln0' <Predicate = (icmp_ln25)> <Delay = 0.00>
ST_2 : Operation 181 [1/1] (0.00ns)   --->   "%write_ln0 = write void @_ssdm_op_Write.ap_auto.i32P0A, i32 %distance_buffer_7_0_out, i32 %distance_buffer_7_0_load"   --->   Operation 181 'write' 'write_ln0' <Predicate = (icmp_ln25)> <Delay = 0.00>
ST_2 : Operation 182 [1/1] (0.00ns)   --->   "%write_ln0 = write void @_ssdm_op_Write.ap_auto.i32P0A, i32 %distance_buffer_6_0_out, i32 %distance_buffer_6_0_load"   --->   Operation 182 'write' 'write_ln0' <Predicate = (icmp_ln25)> <Delay = 0.00>
ST_2 : Operation 183 [1/1] (0.00ns)   --->   "%write_ln0 = write void @_ssdm_op_Write.ap_auto.i32P0A, i32 %distance_buffer_5_0_out, i32 %distance_buffer_5_0_load"   --->   Operation 183 'write' 'write_ln0' <Predicate = (icmp_ln25)> <Delay = 0.00>
ST_2 : Operation 184 [1/1] (0.00ns)   --->   "%write_ln0 = write void @_ssdm_op_Write.ap_auto.i32P0A, i32 %distance_buffer_4_0_out, i32 %distance_buffer_4_0_load"   --->   Operation 184 'write' 'write_ln0' <Predicate = (icmp_ln25)> <Delay = 0.00>
ST_2 : Operation 185 [1/1] (0.00ns)   --->   "%write_ln0 = write void @_ssdm_op_Write.ap_auto.i32P0A, i32 %distance_buffer_3_0_out, i32 %distance_buffer_3_0_load"   --->   Operation 185 'write' 'write_ln0' <Predicate = (icmp_ln25)> <Delay = 0.00>
ST_2 : Operation 186 [1/1] (0.00ns)   --->   "%write_ln0 = write void @_ssdm_op_Write.ap_auto.i32P0A, i32 %distance_buffer_2_0_out, i32 %distance_buffer_2_0_load"   --->   Operation 186 'write' 'write_ln0' <Predicate = (icmp_ln25)> <Delay = 0.00>
ST_2 : Operation 187 [1/1] (0.00ns)   --->   "%write_ln0 = write void @_ssdm_op_Write.ap_auto.i32P0A, i32 %distance_buffer_1_0_out, i32 %distance_buffer_1_0_load"   --->   Operation 187 'write' 'write_ln0' <Predicate = (icmp_ln25)> <Delay = 0.00>
ST_2 : Operation 188 [1/1] (0.00ns)   --->   "%write_ln0 = write void @_ssdm_op_Write.ap_auto.i32P0A, i32 %distance_buffer_0_0_out, i32 %distance_buffer_0_0_load"   --->   Operation 188 'write' 'write_ln0' <Predicate = (icmp_ln25)> <Delay = 0.00>
ST_2 : Operation 189 [1/1] (0.00ns)   --->   "%ret_ln0 = ret"   --->   Operation 189 'ret' 'ret_ln0' <Predicate = (icmp_ln25)> <Delay = 0.00>

State 3 <SV = 2> <Delay = 1.13>
ST_3 : Operation 57 [1/1] (0.00ns)   --->   "%specpipeline_ln25 = specpipeline void @_ssdm_op_SpecPipeline, i32 4294967295, i32 0, i32 0, i32 0, void @empty_14" [sssp_kernel.cpp:25]   --->   Operation 57 'specpipeline' 'specpipeline_ln25' <Predicate = true> <Delay = 0.00>
ST_3 : Operation 58 [1/1] (0.00ns)   --->   "%specloopname_ln25 = specloopname void @_ssdm_op_SpecLoopName, void @empty_6" [sssp_kernel.cpp:25]   --->   Operation 58 'specloopname' 'specloopname_ln25' <Predicate = true> <Delay = 0.00>
ST_3 : Operation 59 [1/1] (0.85ns)   --->   "%distance_buffer_1 = icmp_ne  i32 %local_in_a_load, i32 0" [sssp_kernel.cpp:27]   --->   Operation 59 'icmp' 'distance_buffer_1' <Predicate = true> <Delay = 0.85> <CoreInst = "Cmp">   --->   Core 9 'Cmp' <Latency = 0> <II = 1> <Delay = 0.85> <FuncUnit> <Opcode : 'icmp'> <InPorts = 2> <OutPorts = 1>
ST_3 : Operation 60 [1/1] (0.27ns)   --->   "%select_ln27 = select i1 %distance_buffer_1, i32 4294967295, i32 0" [sssp_kernel.cpp:27]   --->   Operation 60 'select' 'select_ln27' <Predicate = true> <Delay = 0.27> <CoreInst = "Sel">   --->   Core 73 'Sel' <Latency = 0> <II = 1> <Delay = 0.27> <FuncUnit> <Opcode : 'select'> <InPorts = 3> <OutPorts = 1>
ST_3 : Operation 61 [1/1] (0.00ns)   --->   "%store_ln27 = store i32 %select_ln27, i32 %distance_buffer_30_0" [sssp_kernel.cpp:27]   --->   Operation 61 'store' 'store_ln27' <Predicate = (trunc_ln27 == 30)> <Delay = 0.00>
ST_3 : Operation 62 [1/1] (0.00ns)   --->   "%br_ln27 = br void %.split6144" [sssp_kernel.cpp:27]   --->   Operation 62 'br' 'br_ln27' <Predicate = (trunc_ln27 == 30)> <Delay = 0.00>
ST_3 : Operation 63 [1/1] (0.00ns)   --->   "%store_ln27 = store i32 %select_ln27, i32 %distance_buffer_29_0" [sssp_kernel.cpp:27]   --->   Operation 63 'store' 'store_ln27' <Predicate = (trunc_ln27 == 29)> <Delay = 0.00>
ST_3 : Operation 64 [1/1] (0.00ns)   --->   "%br_ln27 = br void %.split6144" [sssp_kernel.cpp:27]   --->   Operation 64 'br' 'br_ln27' <Predicate = (trunc_ln27 == 29)> <Delay = 0.00>
ST_3 : Operation 65 [1/1] (0.00ns)   --->   "%store_ln27 = store i32 %select_ln27, i32 %distance_buffer_28_0" [sssp_kernel.cpp:27]   --->   Operation 65 'store' 'store_ln27' <Predicate = (trunc_ln27 == 28)> <Delay = 0.00>
ST_3 : Operation 66 [1/1] (0.00ns)   --->   "%br_ln27 = br void %.split6144" [sssp_kernel.cpp:27]   --->   Operation 66 'br' 'br_ln27' <Predicate = (trunc_ln27 == 28)> <Delay = 0.00>
ST_3 : Operation 67 [1/1] (0.00ns)   --->   "%store_ln27 = store i32 %select_ln27, i32 %distance_buffer_27_0" [sssp_kernel.cpp:27]   --->   Operation 67 'store' 'store_ln27' <Predicate = (trunc_ln27 == 27)> <Delay = 0.00>
ST_3 : Operation 68 [1/1] (0.00ns)   --->   "%br_ln27 = br void %.split6144" [sssp_kernel.cpp:27]   --->   Operation 68 'br' 'br_ln27' <Predicate = (trunc_ln27 == 27)> <Delay = 0.00>
ST_3 : Operation 69 [1/1] (0.00ns)   --->   "%store_ln27 = store i32 %select_ln27, i32 %distance_buffer_26_0" [sssp_kernel.cpp:27]   --->   Operation 69 'store' 'store_ln27' <Predicate = (trunc_ln27 == 26)> <Delay = 0.00>
ST_3 : Operation 70 [1/1] (0.00ns)   --->   "%br_ln27 = br void %.split6144" [sssp_kernel.cpp:27]   --->   Operation 70 'br' 'br_ln27' <Predicate = (trunc_ln27 == 26)> <Delay = 0.00>
ST_3 : Operation 71 [1/1] (0.00ns)   --->   "%store_ln27 = store i32 %select_ln27, i32 %distance_buffer_25_0" [sssp_kernel.cpp:27]   --->   Operation 71 'store' 'store_ln27' <Predicate = (trunc_ln27 == 25)> <Delay = 0.00>
ST_3 : Operation 72 [1/1] (0.00ns)   --->   "%br_ln27 = br void %.split6144" [sssp_kernel.cpp:27]   --->   Operation 72 'br' 'br_ln27' <Predicate = (trunc_ln27 == 25)> <Delay = 0.00>
ST_3 : Operation 73 [1/1] (0.00ns)   --->   "%store_ln27 = store i32 %select_ln27, i32 %distance_buffer_24_0" [sssp_kernel.cpp:27]   --->   Operation 73 'store' 'store_ln27' <Predicate = (trunc_ln27 == 24)> <Delay = 0.00>
ST_3 : Operation 74 [1/1] (0.00ns)   --->   "%br_ln27 = br void %.split6144" [sssp_kernel.cpp:27]   --->   Operation 74 'br' 'br_ln27' <Predicate = (trunc_ln27 == 24)> <Delay = 0.00>
ST_3 : Operation 75 [1/1] (0.00ns)   --->   "%store_ln27 = store i32 %select_ln27, i32 %distance_buffer_23_0" [sssp_kernel.cpp:27]   --->   Operation 75 'store' 'store_ln27' <Predicate = (trunc_ln27 == 23)> <Delay = 0.00>
ST_3 : Operation 76 [1/1] (0.00ns)   --->   "%br_ln27 = br void %.split6144" [sssp_kernel.cpp:27]   --->   Operation 76 'br' 'br_ln27' <Predicate = (trunc_ln27 == 23)> <Delay = 0.00>
ST_3 : Operation 77 [1/1] (0.00ns)   --->   "%store_ln27 = store i32 %select_ln27, i32 %distance_buffer_22_0" [sssp_kernel.cpp:27]   --->   Operation 77 'store' 'store_ln27' <Predicate = (trunc_ln27 == 22)> <Delay = 0.00>
ST_3 : Operation 78 [1/1] (0.00ns)   --->   "%br_ln27 = br void %.split6144" [sssp_kernel.cpp:27]   --->   Operation 78 'br' 'br_ln27' <Predicate = (trunc_ln27 == 22)> <Delay = 0.00>
ST_3 : Operation 79 [1/1] (0.00ns)   --->   "%store_ln27 = store i32 %select_ln27, i32 %distance_buffer_21_0" [sssp_kernel.cpp:27]   --->   Operation 79 'store' 'store_ln27' <Predicate = (trunc_ln27 == 21)> <Delay = 0.00>
ST_3 : Operation 80 [1/1] (0.00ns)   --->   "%br_ln27 = br void %.split6144" [sssp_kernel.cpp:27]   --->   Operation 80 'br' 'br_ln27' <Predicate = (trunc_ln27 == 21)> <Delay = 0.00>
ST_3 : Operation 81 [1/1] (0.00ns)   --->   "%store_ln27 = store i32 %select_ln27, i32 %distance_buffer_20_0" [sssp_kernel.cpp:27]   --->   Operation 81 'store' 'store_ln27' <Predicate = (trunc_ln27 == 20)> <Delay = 0.00>
ST_3 : Operation 82 [1/1] (0.00ns)   --->   "%br_ln27 = br void %.split6144" [sssp_kernel.cpp:27]   --->   Operation 82 'br' 'br_ln27' <Predicate = (trunc_ln27 == 20)> <Delay = 0.00>
ST_3 : Operation 83 [1/1] (0.00ns)   --->   "%store_ln27 = store i32 %select_ln27, i32 %distance_buffer_19_0" [sssp_kernel.cpp:27]   --->   Operation 83 'store' 'store_ln27' <Predicate = (trunc_ln27 == 19)> <Delay = 0.00>
ST_3 : Operation 84 [1/1] (0.00ns)   --->   "%br_ln27 = br void %.split6144" [sssp_kernel.cpp:27]   --->   Operation 84 'br' 'br_ln27' <Predicate = (trunc_ln27 == 19)> <Delay = 0.00>
ST_3 : Operation 85 [1/1] (0.00ns)   --->   "%store_ln27 = store i32 %select_ln27, i32 %distance_buffer_18_0" [sssp_kernel.cpp:27]   --->   Operation 85 'store' 'store_ln27' <Predicate = (trunc_ln27 == 18)> <Delay = 0.00>
ST_3 : Operation 86 [1/1] (0.00ns)   --->   "%br_ln27 = br void %.split6144" [sssp_kernel.cpp:27]   --->   Operation 86 'br' 'br_ln27' <Predicate = (trunc_ln27 == 18)> <Delay = 0.00>
ST_3 : Operation 87 [1/1] (0.00ns)   --->   "%store_ln27 = store i32 %select_ln27, i32 %distance_buffer_17_0" [sssp_kernel.cpp:27]   --->   Operation 87 'store' 'store_ln27' <Predicate = (trunc_ln27 == 17)> <Delay = 0.00>
ST_3 : Operation 88 [1/1] (0.00ns)   --->   "%br_ln27 = br void %.split6144" [sssp_kernel.cpp:27]   --->   Operation 88 'br' 'br_ln27' <Predicate = (trunc_ln27 == 17)> <Delay = 0.00>
ST_3 : Operation 89 [1/1] (0.00ns)   --->   "%store_ln27 = store i32 %select_ln27, i32 %distance_buffer_16_0" [sssp_kernel.cpp:27]   --->   Operation 89 'store' 'store_ln27' <Predicate = (trunc_ln27 == 16)> <Delay = 0.00>
ST_3 : Operation 90 [1/1] (0.00ns)   --->   "%br_ln27 = br void %.split6144" [sssp_kernel.cpp:27]   --->   Operation 90 'br' 'br_ln27' <Predicate = (trunc_ln27 == 16)> <Delay = 0.00>
ST_3 : Operation 91 [1/1] (0.00ns)   --->   "%store_ln27 = store i32 %select_ln27, i32 %distance_buffer_15_0" [sssp_kernel.cpp:27]   --->   Operation 91 'store' 'store_ln27' <Predicate = (trunc_ln27 == 15)> <Delay = 0.00>
ST_3 : Operation 92 [1/1] (0.00ns)   --->   "%br_ln27 = br void %.split6144" [sssp_kernel.cpp:27]   --->   Operation 92 'br' 'br_ln27' <Predicate = (trunc_ln27 == 15)> <Delay = 0.00>
ST_3 : Operation 93 [1/1] (0.00ns)   --->   "%store_ln27 = store i32 %select_ln27, i32 %distance_buffer_14_0" [sssp_kernel.cpp:27]   --->   Operation 93 'store' 'store_ln27' <Predicate = (trunc_ln27 == 14)> <Delay = 0.00>
ST_3 : Operation 94 [1/1] (0.00ns)   --->   "%br_ln27 = br void %.split6144" [sssp_kernel.cpp:27]   --->   Operation 94 'br' 'br_ln27' <Predicate = (trunc_ln27 == 14)> <Delay = 0.00>
ST_3 : Operation 95 [1/1] (0.00ns)   --->   "%store_ln27 = store i32 %select_ln27, i32 %distance_buffer_13_0" [sssp_kernel.cpp:27]   --->   Operation 95 'store' 'store_ln27' <Predicate = (trunc_ln27 == 13)> <Delay = 0.00>
ST_3 : Operation 96 [1/1] (0.00ns)   --->   "%br_ln27 = br void %.split6144" [sssp_kernel.cpp:27]   --->   Operation 96 'br' 'br_ln27' <Predicate = (trunc_ln27 == 13)> <Delay = 0.00>
ST_3 : Operation 97 [1/1] (0.00ns)   --->   "%store_ln27 = store i32 %select_ln27, i32 %distance_buffer_12_0" [sssp_kernel.cpp:27]   --->   Operation 97 'store' 'store_ln27' <Predicate = (trunc_ln27 == 12)> <Delay = 0.00>
ST_3 : Operation 98 [1/1] (0.00ns)   --->   "%br_ln27 = br void %.split6144" [sssp_kernel.cpp:27]   --->   Operation 98 'br' 'br_ln27' <Predicate = (trunc_ln27 == 12)> <Delay = 0.00>
ST_3 : Operation 99 [1/1] (0.00ns)   --->   "%store_ln27 = store i32 %select_ln27, i32 %distance_buffer_11_0" [sssp_kernel.cpp:27]   --->   Operation 99 'store' 'store_ln27' <Predicate = (trunc_ln27 == 11)> <Delay = 0.00>
ST_3 : Operation 100 [1/1] (0.00ns)   --->   "%br_ln27 = br void %.split6144" [sssp_kernel.cpp:27]   --->   Operation 100 'br' 'br_ln27' <Predicate = (trunc_ln27 == 11)> <Delay = 0.00>
ST_3 : Operation 101 [1/1] (0.00ns)   --->   "%store_ln27 = store i32 %select_ln27, i32 %distance_buffer_10_0" [sssp_kernel.cpp:27]   --->   Operation 101 'store' 'store_ln27' <Predicate = (trunc_ln27 == 10)> <Delay = 0.00>
ST_3 : Operation 102 [1/1] (0.00ns)   --->   "%br_ln27 = br void %.split6144" [sssp_kernel.cpp:27]   --->   Operation 102 'br' 'br_ln27' <Predicate = (trunc_ln27 == 10)> <Delay = 0.00>
ST_3 : Operation 103 [1/1] (0.00ns)   --->   "%store_ln27 = store i32 %select_ln27, i32 %distance_buffer_9_0" [sssp_kernel.cpp:27]   --->   Operation 103 'store' 'store_ln27' <Predicate = (trunc_ln27 == 9)> <Delay = 0.00>
ST_3 : Operation 104 [1/1] (0.00ns)   --->   "%br_ln27 = br void %.split6144" [sssp_kernel.cpp:27]   --->   Operation 104 'br' 'br_ln27' <Predicate = (trunc_ln27 == 9)> <Delay = 0.00>
ST_3 : Operation 105 [1/1] (0.00ns)   --->   "%store_ln27 = store i32 %select_ln27, i32 %distance_buffer_8_0" [sssp_kernel.cpp:27]   --->   Operation 105 'store' 'store_ln27' <Predicate = (trunc_ln27 == 8)> <Delay = 0.00>
ST_3 : Operation 106 [1/1] (0.00ns)   --->   "%br_ln27 = br void %.split6144" [sssp_kernel.cpp:27]   --->   Operation 106 'br' 'br_ln27' <Predicate = (trunc_ln27 == 8)> <Delay = 0.00>
ST_3 : Operation 107 [1/1] (0.00ns)   --->   "%store_ln27 = store i32 %select_ln27, i32 %distance_buffer_7_0" [sssp_kernel.cpp:27]   --->   Operation 107 'store' 'store_ln27' <Predicate = (trunc_ln27 == 7)> <Delay = 0.00>
ST_3 : Operation 108 [1/1] (0.00ns)   --->   "%br_ln27 = br void %.split6144" [sssp_kernel.cpp:27]   --->   Operation 108 'br' 'br_ln27' <Predicate = (trunc_ln27 == 7)> <Delay = 0.00>
ST_3 : Operation 109 [1/1] (0.00ns)   --->   "%store_ln27 = store i32 %select_ln27, i32 %distance_buffer_6_0" [sssp_kernel.cpp:27]   --->   Operation 109 'store' 'store_ln27' <Predicate = (trunc_ln27 == 6)> <Delay = 0.00>
ST_3 : Operation 110 [1/1] (0.00ns)   --->   "%br_ln27 = br void %.split6144" [sssp_kernel.cpp:27]   --->   Operation 110 'br' 'br_ln27' <Predicate = (trunc_ln27 == 6)> <Delay = 0.00>
ST_3 : Operation 111 [1/1] (0.00ns)   --->   "%store_ln27 = store i32 %select_ln27, i32 %distance_buffer_5_0" [sssp_kernel.cpp:27]   --->   Operation 111 'store' 'store_ln27' <Predicate = (trunc_ln27 == 5)> <Delay = 0.00>
ST_3 : Operation 112 [1/1] (0.00ns)   --->   "%br_ln27 = br void %.split6144" [sssp_kernel.cpp:27]   --->   Operation 112 'br' 'br_ln27' <Predicate = (trunc_ln27 == 5)> <Delay = 0.00>
ST_3 : Operation 113 [1/1] (0.00ns)   --->   "%store_ln27 = store i32 %select_ln27, i32 %distance_buffer_4_0" [sssp_kernel.cpp:27]   --->   Operation 113 'store' 'store_ln27' <Predicate = (trunc_ln27 == 4)> <Delay = 0.00>
ST_3 : Operation 114 [1/1] (0.00ns)   --->   "%br_ln27 = br void %.split6144" [sssp_kernel.cpp:27]   --->   Operation 114 'br' 'br_ln27' <Predicate = (trunc_ln27 == 4)> <Delay = 0.00>
ST_3 : Operation 115 [1/1] (0.00ns)   --->   "%store_ln27 = store i32 %select_ln27, i32 %distance_buffer_3_0" [sssp_kernel.cpp:27]   --->   Operation 115 'store' 'store_ln27' <Predicate = (trunc_ln27 == 3)> <Delay = 0.00>
ST_3 : Operation 116 [1/1] (0.00ns)   --->   "%br_ln27 = br void %.split6144" [sssp_kernel.cpp:27]   --->   Operation 116 'br' 'br_ln27' <Predicate = (trunc_ln27 == 3)> <Delay = 0.00>
ST_3 : Operation 117 [1/1] (0.00ns)   --->   "%store_ln27 = store i32 %select_ln27, i32 %distance_buffer_2_0" [sssp_kernel.cpp:27]   --->   Operation 117 'store' 'store_ln27' <Predicate = (trunc_ln27 == 2)> <Delay = 0.00>
ST_3 : Operation 118 [1/1] (0.00ns)   --->   "%br_ln27 = br void %.split6144" [sssp_kernel.cpp:27]   --->   Operation 118 'br' 'br_ln27' <Predicate = (trunc_ln27 == 2)> <Delay = 0.00>
ST_3 : Operation 119 [1/1] (0.00ns)   --->   "%store_ln27 = store i32 %select_ln27, i32 %distance_buffer_1_0" [sssp_kernel.cpp:27]   --->   Operation 119 'store' 'store_ln27' <Predicate = (trunc_ln27 == 1)> <Delay = 0.00>
ST_3 : Operation 120 [1/1] (0.00ns)   --->   "%br_ln27 = br void %.split6144" [sssp_kernel.cpp:27]   --->   Operation 120 'br' 'br_ln27' <Predicate = (trunc_ln27 == 1)> <Delay = 0.00>
ST_3 : Operation 121 [1/1] (0.00ns)   --->   "%store_ln27 = store i32 %select_ln27, i32 %distance_buffer_0_0" [sssp_kernel.cpp:27]   --->   Operation 121 'store' 'store_ln27' <Predicate = (trunc_ln27 == 0)> <Delay = 0.00>
ST_3 : Operation 122 [1/1] (0.00ns)   --->   "%br_ln27 = br void %.split6144" [sssp_kernel.cpp:27]   --->   Operation 122 'br' 'br_ln27' <Predicate = (trunc_ln27 == 0)> <Delay = 0.00>
ST_3 : Operation 123 [1/1] (0.00ns)   --->   "%store_ln27 = store i32 %select_ln27, i32 %distance_buffer_31_0" [sssp_kernel.cpp:27]   --->   Operation 123 'store' 'store_ln27' <Predicate = (trunc_ln27 == 31)> <Delay = 0.00>
ST_3 : Operation 124 [1/1] (0.00ns)   --->   "%br_ln27 = br void %.split6144" [sssp_kernel.cpp:27]   --->   Operation 124 'br' 'br_ln27' <Predicate = (trunc_ln27 == 31)> <Delay = 0.00>


============================================================
+ Verbose Summary: Timing violations
============================================================
Target clock period: 3.33ns, clock uncertainty: 0.9ns.

 <State 1>: 2.39ns
The critical path consists of the following:
	'alloca' operation ('j') [35]  (0 ns)
	'load' operation ('j', sssp_kernel.cpp:27) on local variable 'j' [72]  (0 ns)
	'add' operation ('add_ln27', sssp_kernel.cpp:27) [79]  (0.745 ns)
	'getelementptr' operation ('local_in_a_addr', sssp_kernel.cpp:27) [81]  (0 ns)
	'load' operation ('local_in_a_load', sssp_kernel.cpp:27) on array 'local_in_a' [84]  (1.65 ns)

 <State 2>: 1.65ns
The critical path consists of the following:
	'load' operation ('local_in_a_load', sssp_kernel.cpp:27) on array 'local_in_a' [84]  (1.65 ns)

 <State 3>: 1.14ns
The critical path consists of the following:
	'icmp' operation ('distance_buffer[1]', sssp_kernel.cpp:27) [85]  (0.859 ns)
	'select' operation ('select_ln27', sssp_kernel.cpp:27) [86]  (0.278 ns)
	'store' operation ('store_ln27', sssp_kernel.cpp:27) of variable 'select_ln27', sssp_kernel.cpp:27 on local variable 'distance_buffer_9_0' [153]  (0 ns)


============================================================
+ Verbose Summary: Binding
============================================================
N/A
* FSMD analyzer results:
  - Output states:
 - Input state : 
  - Chain level:
	State 1
	State 2
	State 3


============================================================
+ Verbose Summary: Datapath Resource usage 
============================================================
N/A
