

================================================================
== Vitis HLS Report for 'buffer_compute'
================================================================
* Date:           Mon Jul 10 16:45:25 2023

* Version:        2021.1 (Build 3247384 on Thu Jun 10 19:36:07 MDT 2021)
* Project:        prj
* Solution:       sol (Vivado IP Flow Target)
* Product family: virtexuplus
* Target device:  xcu250-figd2104-2L-e


================================================================
== Performance Estimates
================================================================
+ Timing: 
    * Summary: 
    +--------+---------+----------+------------+
    |  Clock |  Target | Estimated| Uncertainty|
    +--------+---------+----------+------------+
    |ap_clk  |  3.33 ns|  2.729 ns|     0.90 ns|
    +--------+---------+----------+------------+

+ Latency: 
    * Summary: 
    +---------+---------+----------+----------+-----+-----+---------+
    |  Latency (cycles) |  Latency (absolute) |  Interval | Pipeline|
    |   min   |   max   |    min   |    max   | min | max |   Type  |
    +---------+---------+----------+----------+-----+-----+---------+
    |        ?|        ?|         ?|         ?|    ?|    ?|       no|
    +---------+---------+----------+----------+-----+-----+---------+

    + Detail: 
        * Instance: 
        +----------------------+-----------+---------+---------+----------+----------+-----+-----+---------+
        |                      |           |  Latency (cycles) |  Latency (absolute) |  Interval | Pipeline|
        |       Instance       |   Module  |   min   |   max   |    min   |    max   | min | max |   Type  |
        +----------------------+-----------+---------+---------+----------+----------+-----+-----+---------+
        |grp_PE_kernel_fu_268  |PE_kernel  |        ?|        ?|         ?|         ?|    ?|    ?|       no|
        +----------------------+-----------+---------+---------+----------+----------+-----+-----+---------+

        * Loop: 
        N/A



================================================================
== Utilization Estimates
================================================================
* Summary: 
+---------------------+---------+-------+---------+---------+------+
|         Name        | BRAM_18K|  DSP  |    FF   |   LUT   | URAM |
+---------------------+---------+-------+---------+---------+------+
|DSP                  |        -|      -|        -|        -|     -|
|Expression           |        -|      -|        -|        -|     -|
|FIFO                 |        -|      -|        -|        -|     -|
|Instance             |        -|      -|     3331|     1635|     -|
|Memory               |        -|      -|        -|        -|     -|
|Multiplexer          |        -|      -|        -|     4124|     -|
|Register             |        -|      -|      257|        -|     -|
+---------------------+---------+-------+---------+---------+------+
|Total                |        0|      0|     3588|     5759|     0|
+---------------------+---------+-------+---------+---------+------+
|Available SLR        |     1344|   3072|   864000|   432000|   320|
+---------------------+---------+-------+---------+---------+------+
|Utilization SLR (%)  |        0|      0|       ~0|        1|     0|
+---------------------+---------+-------+---------+---------+------+
|Available            |     5376|  12288|  3456000|  1728000|  1280|
+---------------------+---------+-------+---------+---------+------+
|Utilization (%)      |        0|      0|       ~0|       ~0|     0|
+---------------------+---------+-------+---------+---------+------+

+ Detail: 
    * Instance: 
    +----------------------+-----------+---------+----+------+------+-----+
    |       Instance       |   Module  | BRAM_18K| DSP|  FF  |  LUT | URAM|
    +----------------------+-----------+---------+----+------+------+-----+
    |grp_PE_kernel_fu_268  |PE_kernel  |        0|   0|  3331|  1635|    0|
    +----------------------+-----------+---------+----+------+------+-----+
    |Total                 |           |        0|   0|  3331|  1635|    0|
    +----------------------+-----------+---------+----+------+------+-----+

    * DSP: 
    N/A

    * Memory: 
    N/A

    * FIFO: 
    N/A

    * Expression: 
    N/A

    * Multiplexer: 
    +----------------------------------------+------+-----------+-----+-----------+
    |                  Name                  |  LUT | Input Size| Bits| Total Bits|
    +----------------------------------------+------+-----------+-----+-----------+
    |ap_NS_fsm                               |  1367|        257|    1|        257|
    |grp_PE_kernel_fu_268_local_in_a_offset  |   678|        129|    7|        903|
    |grp_PE_kernel_fu_268_local_in_b_offset  |   678|        129|    7|        903|
    |grp_PE_kernel_fu_268_local_in_c_offset  |   678|        129|    7|        903|
    |grp_PE_kernel_fu_268_local_out_offset   |   678|        129|    7|        903|
    |local_in_a_ce0                          |     9|          2|    1|          2|
    |local_in_b_ce0                          |     9|          2|    1|          2|
    |local_in_c_ce0                          |     9|          2|    1|          2|
    |local_out_ce0                           |     9|          2|    1|          2|
    |local_out_we0                           |     9|          2|    1|          2|
    +----------------------------------------+------+-----------+-----+-----------+
    |Total                                   |  4124|        783|   34|       3879|
    +----------------------------------------+------+-----------+-----+-----------+

    * Register: 
    +-----------------------------------+-----+----+-----+-----------+
    |                Name               |  FF | LUT| Bits| Const Bits|
    +-----------------------------------+-----+----+-----+-----------+
    |ap_CS_fsm                          |  256|   0|  256|          0|
    |grp_PE_kernel_fu_268_ap_start_reg  |    1|   0|    1|          0|
    +-----------------------------------+-----+----+-----+-----------+
    |Total                              |  257|   0|  257|          0|
    +-----------------------------------+-----+----+-----+-----------+



================================================================
== Interface
================================================================
* Summary: 
+---------------------+-----+-----+------------+----------------+--------------+
|      RTL Ports      | Dir | Bits|  Protocol  |  Source Object |    C Type    |
+---------------------+-----+-----+------------+----------------+--------------+
|ap_clk               |   in|    1|  ap_ctrl_hs|  buffer_compute|  return value|
|ap_rst               |   in|    1|  ap_ctrl_hs|  buffer_compute|  return value|
|ap_start             |   in|    1|  ap_ctrl_hs|  buffer_compute|  return value|
|ap_done              |  out|    1|  ap_ctrl_hs|  buffer_compute|  return value|
|ap_idle              |  out|    1|  ap_ctrl_hs|  buffer_compute|  return value|
|ap_ready             |  out|    1|  ap_ctrl_hs|  buffer_compute|  return value|
|local_in_a_address0  |  out|   12|   ap_memory|      local_in_a|         array|
|local_in_a_ce0       |  out|    1|   ap_memory|      local_in_a|         array|
|local_in_a_q0        |   in|   32|   ap_memory|      local_in_a|         array|
|local_in_b_address0  |  out|   12|   ap_memory|      local_in_b|         array|
|local_in_b_ce0       |  out|    1|   ap_memory|      local_in_b|         array|
|local_in_b_q0        |   in|    5|   ap_memory|      local_in_b|         array|
|local_in_c_address0  |  out|   12|   ap_memory|      local_in_c|         array|
|local_in_c_ce0       |  out|    1|   ap_memory|      local_in_c|         array|
|local_in_c_q0        |   in|   32|   ap_memory|      local_in_c|         array|
|local_out_address0   |  out|   12|   ap_memory|       local_out|         array|
|local_out_ce0        |  out|    1|   ap_memory|       local_out|         array|
|local_out_we0        |  out|    1|   ap_memory|       local_out|         array|
|local_out_d0         |  out|   32|   ap_memory|       local_out|         array|
|v                    |   in|   32|     ap_none|               v|       pointer|
+---------------------+-----+-----+------------+----------------+--------------+

