

================================================================
== Vitis HLS Report for 'PE_kernel_Pipeline_write_distances'
================================================================
* Date:           Mon Jul 10 16:45:24 2023

* Version:        2021.1 (Build 3247384 on Thu Jun 10 19:36:07 MDT 2021)
* Project:        prj
* Solution:       sol (Vivado IP Flow Target)
* Product family: virtexuplus
* Target device:  xcu250-figd2104-2L-e


================================================================
== Performance Estimates
================================================================
+ Timing: 
    * Summary: 
    +--------+---------+----------+------------+
    |  Clock |  Target | Estimated| Uncertainty|
    +--------+---------+----------+------------+
    |ap_clk  |  3.33 ns|  2.390 ns|     0.90 ns|
    +--------+---------+----------+------------+

+ Latency: 
    * Summary: 
    +---------+---------+----------+----------+-----+-----+---------+
    |  Latency (cycles) |  Latency (absolute) |  Interval | Pipeline|
    |   min   |   max   |    min   |    max   | min | max |   Type  |
    +---------+---------+----------+----------+-----+-----+---------+
    |       34|       34|  0.113 us|  0.113 us|   34|   34|       no|
    +---------+---------+----------+----------+-----+-----+---------+

    + Detail: 
        * Instance: 
        N/A

        * Loop: 
        +-------------------+---------+---------+----------+-----------+-----------+------+----------+
        |                   |  Latency (cycles) | Iteration|  Initiation Interval  | Trip |          |
        |     Loop Name     |   min   |   max   |  Latency |  achieved |   target  | Count| Pipelined|
        +-------------------+---------+---------+----------+-----------+-----------+------+----------+
        |- write_distances  |       32|       32|         1|          1|          1|    32|       yes|
        +-------------------+---------+---------+----------+-----------+-----------+------+----------+



================================================================
== Utilization Estimates
================================================================
* Summary: 
+---------------------+---------+-------+---------+---------+------+
|         Name        | BRAM_18K|  DSP  |    FF   |   LUT   | URAM |
+---------------------+---------+-------+---------+---------+------+
|DSP                  |        -|      -|        -|        -|     -|
|Expression           |        -|      -|        0|       42|     -|
|FIFO                 |        -|      -|        -|        -|     -|
|Instance             |        -|      -|        0|      148|     -|
|Memory               |        -|      -|        -|        -|     -|
|Multiplexer          |        -|      -|        -|       27|     -|
|Register             |        -|      -|        8|        -|     -|
+---------------------+---------+-------+---------+---------+------+
|Total                |        0|      0|        8|      217|     0|
+---------------------+---------+-------+---------+---------+------+
|Available SLR        |     1344|   3072|   864000|   432000|   320|
+---------------------+---------+-------+---------+---------+------+
|Utilization SLR (%)  |        0|      0|       ~0|       ~0|     0|
+---------------------+---------+-------+---------+---------+------+
|Available            |     5376|  12288|  3456000|  1728000|  1280|
+---------------------+---------+-------+---------+---------+------+
|Utilization (%)      |        0|      0|       ~0|       ~0|     0|
+---------------------+---------+-------+---------+---------+------+

+ Detail: 
    * Instance: 
    +---------------------+----------------+---------+----+---+-----+-----+
    |       Instance      |     Module     | BRAM_18K| DSP| FF| LUT | URAM|
    +---------------------+----------------+---------+----+---+-----+-----+
    |mux_325_32_1_1_U538  |mux_325_32_1_1  |        0|   0|  0|  148|    0|
    +---------------------+----------------+---------+----+---+-----+-----+
    |Total                |                |        0|   0|  0|  148|    0|
    +---------------------+----------------+---------+----+---+-----+-----+

    * DSP: 
    N/A

    * Memory: 
    N/A

    * FIFO: 
    N/A

    * Expression: 
    +---------------------+----------+----+---+----+------------+------------+
    |    Variable Name    | Operation| DSP| FF| LUT| Bitwidth P0| Bitwidth P1|
    +---------------------+----------+----+---+----+------------+------------+
    |add_ln47_fu_329_p2   |         +|   0|  0|  13|           6|           1|
    |add_ln49_fu_339_p2   |         +|   0|  0|  19|          12|          12|
    |icmp_ln47_fu_323_p2  |      icmp|   0|  0|  10|           6|           7|
    +---------------------+----------+----+---+----+------------+------------+
    |Total                |          |   0|  0|  42|          24|          20|
    +---------------------+----------+----+---+----+------------+------------+

    * Multiplexer: 
    +----------------------+----+-----------+-----+-----------+
    |         Name         | LUT| Input Size| Bits| Total Bits|
    +----------------------+----+-----------+-----+-----------+
    |ap_done_int           |   9|          2|    1|          2|
    |ap_sig_allocacmp_j_1  |   9|          2|    6|         12|
    |j_fu_100              |   9|          2|    6|         12|
    +----------------------+----+-----------+-----+-----------+
    |Total                 |  27|          6|   13|         26|
    +----------------------+----+-----------+-----+-----------+

    * Register: 
    +-------------+---+----+-----+-----------+
    |     Name    | FF| LUT| Bits| Const Bits|
    +-------------+---+----+-----+-----------+
    |ap_CS_fsm    |  1|   0|    1|          0|
    |ap_done_reg  |  1|   0|    1|          0|
    |j_fu_100     |  6|   0|    6|          0|
    +-------------+---+----+-----+-----------+
    |Total        |  8|   0|    8|          0|
    +-------------+---+----+-----+-----------+



================================================================
== Interface
================================================================
* Summary: 
+-----------------------------+-----+-----+------------+------------------------------------+--------------+
|          RTL Ports          | Dir | Bits|  Protocol  |            Source Object           |    C Type    |
+-----------------------------+-----+-----+------------+------------------------------------+--------------+
|ap_clk                       |   in|    1|  ap_ctrl_hs|  PE_kernel_Pipeline_write_distances|  return value|
|ap_rst                       |   in|    1|  ap_ctrl_hs|  PE_kernel_Pipeline_write_distances|  return value|
|ap_start                     |   in|    1|  ap_ctrl_hs|  PE_kernel_Pipeline_write_distances|  return value|
|ap_done                      |  out|    1|  ap_ctrl_hs|  PE_kernel_Pipeline_write_distances|  return value|
|ap_idle                      |  out|    1|  ap_ctrl_hs|  PE_kernel_Pipeline_write_distances|  return value|
|ap_ready                     |  out|    1|  ap_ctrl_hs|  PE_kernel_Pipeline_write_distances|  return value|
|zext_ln49                    |   in|   12|     ap_none|                           zext_ln49|        scalar|
|local_out_address0           |  out|   12|   ap_memory|                           local_out|         array|
|local_out_ce0                |  out|    1|   ap_memory|                           local_out|         array|
|local_out_we0                |  out|    1|   ap_memory|                           local_out|         array|
|local_out_d0                 |  out|   32|   ap_memory|                           local_out|         array|
|distance_buffer_0_3_reload   |   in|   32|     ap_none|          distance_buffer_0_3_reload|        scalar|
|distance_buffer_1_3_reload   |   in|   32|     ap_none|          distance_buffer_1_3_reload|        scalar|
|distance_buffer_2_3_reload   |   in|   32|     ap_none|          distance_buffer_2_3_reload|        scalar|
|distance_buffer_3_3_reload   |   in|   32|     ap_none|          distance_buffer_3_3_reload|        scalar|
|distance_buffer_4_3_reload   |   in|   32|     ap_none|          distance_buffer_4_3_reload|        scalar|
|distance_buffer_5_3_reload   |   in|   32|     ap_none|          distance_buffer_5_3_reload|        scalar|
|distance_buffer_6_3_reload   |   in|   32|     ap_none|          distance_buffer_6_3_reload|        scalar|
|distance_buffer_7_3_reload   |   in|   32|     ap_none|          distance_buffer_7_3_reload|        scalar|
|distance_buffer_8_3_reload   |   in|   32|     ap_none|          distance_buffer_8_3_reload|        scalar|
|distance_buffer_9_3_reload   |   in|   32|     ap_none|          distance_buffer_9_3_reload|        scalar|
|distance_buffer_10_3_reload  |   in|   32|     ap_none|         distance_buffer_10_3_reload|        scalar|
|distance_buffer_11_3_reload  |   in|   32|     ap_none|         distance_buffer_11_3_reload|        scalar|
|distance_buffer_12_3_reload  |   in|   32|     ap_none|         distance_buffer_12_3_reload|        scalar|
|distance_buffer_13_3_reload  |   in|   32|     ap_none|         distance_buffer_13_3_reload|        scalar|
|distance_buffer_14_3_reload  |   in|   32|     ap_none|         distance_buffer_14_3_reload|        scalar|
|distance_buffer_15_3_reload  |   in|   32|     ap_none|         distance_buffer_15_3_reload|        scalar|
|distance_buffer_16_3_reload  |   in|   32|     ap_none|         distance_buffer_16_3_reload|        scalar|
|distance_buffer_17_3_reload  |   in|   32|     ap_none|         distance_buffer_17_3_reload|        scalar|
|distance_buffer_18_3_reload  |   in|   32|     ap_none|         distance_buffer_18_3_reload|        scalar|
|distance_buffer_19_3_reload  |   in|   32|     ap_none|         distance_buffer_19_3_reload|        scalar|
|distance_buffer_20_3_reload  |   in|   32|     ap_none|         distance_buffer_20_3_reload|        scalar|
|distance_buffer_21_3_reload  |   in|   32|     ap_none|         distance_buffer_21_3_reload|        scalar|
|distance_buffer_22_3_reload  |   in|   32|     ap_none|         distance_buffer_22_3_reload|        scalar|
|distance_buffer_23_3_reload  |   in|   32|     ap_none|         distance_buffer_23_3_reload|        scalar|
|distance_buffer_24_3_reload  |   in|   32|     ap_none|         distance_buffer_24_3_reload|        scalar|
|distance_buffer_25_3_reload  |   in|   32|     ap_none|         distance_buffer_25_3_reload|        scalar|
|distance_buffer_26_3_reload  |   in|   32|     ap_none|         distance_buffer_26_3_reload|        scalar|
|distance_buffer_27_3_reload  |   in|   32|     ap_none|         distance_buffer_27_3_reload|        scalar|
|distance_buffer_28_3_reload  |   in|   32|     ap_none|         distance_buffer_28_3_reload|        scalar|
|distance_buffer_29_3_reload  |   in|   32|     ap_none|         distance_buffer_29_3_reload|        scalar|
|distance_buffer_30_3_reload  |   in|   32|     ap_none|         distance_buffer_30_3_reload|        scalar|
|distance_buffer_31_3_reload  |   in|   32|     ap_none|         distance_buffer_31_3_reload|        scalar|
+-----------------------------+-----+-----+------------+------------------------------------+--------------+

