

================================================================
== Vitis HLS Report for 'sssp_kernel_0_Pipeline_VITIS_LOOP_54_15'
================================================================
* Date:           Mon Jul 10 16:45:21 2023

* Version:        2021.1 (Build 3247384 on Thu Jun 10 19:36:07 MDT 2021)
* Project:        prj
* Solution:       sol (Vivado IP Flow Target)
* Product family: virtexuplus
* Target device:  xcu250-figd2104-2L-e


================================================================
== Performance Estimates
================================================================
+ Timing: 
    * Summary: 
    +--------+---------+----------+------------+
    |  Clock |  Target | Estimated| Uncertainty|
    +--------+---------+----------+------------+
    |ap_clk  |  3.33 ns|  2.433 ns|     0.90 ns|
    +--------+---------+----------+------------+

+ Latency: 
    * Summary: 
    +---------+---------+-----------+-----------+-------+-------+---------+
    |  Latency (cycles) |   Latency (absolute)  |    Interval   | Pipeline|
    |   min   |   max   |    min    |    max    |  min  |  max  |   Type  |
    +---------+---------+-----------+-----------+-------+-------+---------+
    |    12299|    12299|  40.993 us|  40.993 us|  12299|  12299|       no|
    +---------+---------+-----------+-----------+-------+-------+---------+

    + Detail: 
        * Instance: 
        N/A

        * Loop: 
        +-------------------+---------+---------+----------+-----------+-----------+------+----------+
        |                   |  Latency (cycles) | Iteration|  Initiation Interval  | Trip |          |
        |     Loop Name     |   min   |   max   |  Latency |  achieved |   target  | Count| Pipelined|
        +-------------------+---------+---------+----------+-----------+-----------+------+----------+
        |- VITIS_LOOP_54_1  |    12297|    12297|       106|         96|          1|   128|       yes|
        +-------------------+---------+---------+----------+-----------+-----------+------+----------+



================================================================
== Utilization Estimates
================================================================
* Summary: 
+---------------------+---------+-------+---------+---------+------+
|         Name        | BRAM_18K|  DSP  |    FF   |   LUT   | URAM |
+---------------------+---------+-------+---------+---------+------+
|DSP                  |        -|      -|        -|        -|     -|
|Expression           |        -|      -|        0|   215904|     -|
|FIFO                 |        -|      -|        -|        -|     -|
|Instance             |        -|      -|        -|        -|     -|
|Memory               |        -|      -|        -|        -|     -|
|Multiplexer          |        -|      -|        -|     1954|     -|
|Register             |        -|      -|    57970|        -|     -|
+---------------------+---------+-------+---------+---------+------+
|Total                |        0|      0|    57970|   217858|     0|
+---------------------+---------+-------+---------+---------+------+
|Available SLR        |     1344|   3072|   864000|   432000|   320|
+---------------------+---------+-------+---------+---------+------+
|Utilization SLR (%)  |        0|      0|        6|       50|     0|
+---------------------+---------+-------+---------+---------+------+
|Available            |     5376|  12288|  3456000|  1728000|  1280|
+---------------------+---------+-------+---------+---------+------+
|Utilization (%)      |        0|      0|        1|       12|     0|
+---------------------+---------+-------+---------+---------+------+

+ Detail: 
    * Instance: 
    N/A

    * DSP: 
    N/A

    * Memory: 
    N/A

    * FIFO: 
    N/A

    * Expression: 
    +-----------------------------------+----------+----+---+------+------------+------------+
    |           Variable Name           | Operation| DSP| FF|  LUT | Bitwidth P0| Bitwidth P1|
    +-----------------------------------+----------+----+---+------+------------+------------+
    |add_ln54_fu_2763_p2                |         +|   0|  0|    15|           8|           1|
    |add_ln56_fu_2785_p2                |         +|   0|  0|    45|          38|          38|
    |empty_375_fu_2803_p2               |         +|   0|  0|    71|          64|          64|
    |empty_378_fu_2834_p2               |         +|   0|  0|    71|          64|           3|
    |empty_381_fu_2859_p2               |         +|   0|  0|    71|          64|           4|
    |empty_384_fu_2884_p2               |         +|   0|  0|    71|          64|           4|
    |empty_387_fu_2909_p2               |         +|   0|  0|    71|          64|           5|
    |empty_390_fu_2934_p2               |         +|   0|  0|    71|          64|           5|
    |empty_393_fu_2959_p2               |         +|   0|  0|    71|          64|           5|
    |empty_396_fu_2984_p2               |         +|   0|  0|    71|          64|           5|
    |empty_399_fu_3009_p2               |         +|   0|  0|    71|          64|           6|
    |empty_402_fu_3042_p2               |         +|   0|  0|    71|          64|           6|
    |empty_405_fu_3087_p2               |         +|   0|  0|    71|          64|           6|
    |empty_408_fu_3134_p2               |         +|   0|  0|    71|          64|           6|
    |empty_411_fu_3181_p2               |         +|   0|  0|    71|          64|           6|
    |empty_414_fu_3228_p2               |         +|   0|  0|    71|          64|           6|
    |empty_417_fu_3275_p2               |         +|   0|  0|    71|          64|           6|
    |empty_420_fu_3322_p2               |         +|   0|  0|    71|          64|           6|
    |empty_423_fu_3369_p2               |         +|   0|  0|    71|          64|           7|
    |empty_426_fu_3416_p2               |         +|   0|  0|    71|          64|           7|
    |empty_429_fu_3463_p2               |         +|   0|  0|    71|          64|           7|
    |empty_432_fu_3510_p2               |         +|   0|  0|    71|          64|           7|
    |empty_435_fu_3557_p2               |         +|   0|  0|    71|          64|           7|
    |empty_438_fu_3604_p2               |         +|   0|  0|    71|          64|           7|
    |empty_441_fu_3651_p2               |         +|   0|  0|    71|          64|           7|
    |empty_444_fu_3698_p2               |         +|   0|  0|    71|          64|           7|
    |empty_447_fu_3745_p2               |         +|   0|  0|    71|          64|           7|
    |empty_450_fu_3792_p2               |         +|   0|  0|    71|          64|           7|
    |empty_453_fu_3839_p2               |         +|   0|  0|    71|          64|           7|
    |empty_456_fu_3886_p2               |         +|   0|  0|    71|          64|           7|
    |empty_459_fu_3933_p2               |         +|   0|  0|    71|          64|           7|
    |empty_462_fu_3980_p2               |         +|   0|  0|    71|          64|           7|
    |empty_465_fu_4027_p2               |         +|   0|  0|    71|          64|           7|
    |empty_468_fu_4042_p2               |         +|   0|  0|    71|          64|           7|
    |empty_471_fu_4121_p2               |         +|   0|  0|    71|          64|          64|
    |empty_474_fu_4167_p2               |         +|   0|  0|    71|          64|           3|
    |empty_477_fu_4214_p2               |         +|   0|  0|    71|          64|           4|
    |empty_480_fu_4261_p2               |         +|   0|  0|    71|          64|           4|
    |empty_483_fu_4308_p2               |         +|   0|  0|    71|          64|           5|
    |empty_486_fu_4355_p2               |         +|   0|  0|    71|          64|           5|
    |empty_489_fu_4402_p2               |         +|   0|  0|    71|          64|           5|
    |empty_492_fu_4449_p2               |         +|   0|  0|    71|          64|           5|
    |empty_495_fu_4496_p2               |         +|   0|  0|    71|          64|           6|
    |empty_498_fu_4543_p2               |         +|   0|  0|    71|          64|           6|
    |empty_501_fu_4576_p2               |         +|   0|  0|    71|          64|           6|
    |empty_504_fu_4609_p2               |         +|   0|  0|    71|          64|           6|
    |empty_507_fu_4642_p2               |         +|   0|  0|    71|          64|           6|
    |empty_510_fu_4675_p2               |         +|   0|  0|    71|          64|           6|
    |empty_513_fu_4708_p2               |         +|   0|  0|    71|          64|           6|
    |empty_516_fu_4741_p2               |         +|   0|  0|    71|          64|           6|
    |empty_519_fu_4774_p2               |         +|   0|  0|    71|          64|           7|
    |empty_522_fu_4807_p2               |         +|   0|  0|    71|          64|           7|
    |empty_525_fu_4840_p2               |         +|   0|  0|    71|          64|           7|
    |empty_528_fu_4873_p2               |         +|   0|  0|    71|          64|           7|
    |empty_531_fu_4906_p2               |         +|   0|  0|    71|          64|           7|
    |empty_534_fu_4939_p2               |         +|   0|  0|    71|          64|           7|
    |empty_537_fu_4972_p2               |         +|   0|  0|    71|          64|           7|
    |empty_540_fu_5005_p2               |         +|   0|  0|    71|          64|           7|
    |empty_543_fu_5038_p2               |         +|   0|  0|    71|          64|           7|
    |empty_546_fu_5071_p2               |         +|   0|  0|    71|          64|           7|
    |empty_549_fu_5104_p2               |         +|   0|  0|    71|          64|           7|
    |empty_552_fu_5137_p2               |         +|   0|  0|    71|          64|           7|
    |empty_555_fu_5170_p2               |         +|   0|  0|    71|          64|           7|
    |empty_558_fu_5203_p2               |         +|   0|  0|    71|          64|           7|
    |empty_561_fu_5236_p2               |         +|   0|  0|    71|          64|           7|
    |empty_564_fu_5251_p2               |         +|   0|  0|    71|          64|           7|
    |empty_567_fu_5302_p2               |         +|   0|  0|    71|          64|          64|
    |empty_570_fu_5334_p2               |         +|   0|  0|    71|          64|           3|
    |empty_573_fu_5367_p2               |         +|   0|  0|    71|          64|           4|
    |empty_576_fu_5400_p2               |         +|   0|  0|    71|          64|           4|
    |empty_579_fu_5433_p2               |         +|   0|  0|    71|          64|           5|
    |empty_582_fu_5466_p2               |         +|   0|  0|    71|          64|           5|
    |empty_585_fu_5499_p2               |         +|   0|  0|    71|          64|           5|
    |empty_588_fu_5532_p2               |         +|   0|  0|    71|          64|           5|
    |empty_591_fu_5565_p2               |         +|   0|  0|    71|          64|           6|
    |empty_594_fu_5598_p2               |         +|   0|  0|    71|          64|           6|
    |empty_597_fu_5631_p2               |         +|   0|  0|    71|          64|           6|
    |empty_600_fu_5664_p2               |         +|   0|  0|    71|          64|           6|
    |empty_603_fu_5697_p2               |         +|   0|  0|    71|          64|           6|
    |empty_606_fu_5730_p2               |         +|   0|  0|    71|          64|           6|
    |empty_609_fu_5763_p2               |         +|   0|  0|    71|          64|           6|
    |empty_612_fu_5796_p2               |         +|   0|  0|    71|          64|           6|
    |empty_615_fu_5829_p2               |         +|   0|  0|    71|          64|           7|
    |empty_618_fu_5862_p2               |         +|   0|  0|    71|          64|           7|
    |empty_621_fu_5895_p2               |         +|   0|  0|    71|          64|           7|
    |empty_624_fu_5928_p2               |         +|   0|  0|    71|          64|           7|
    |empty_627_fu_5961_p2               |         +|   0|  0|    71|          64|           7|
    |empty_630_fu_5994_p2               |         +|   0|  0|    71|          64|           7|
    |empty_633_fu_6027_p2               |         +|   0|  0|    71|          64|           7|
    |empty_636_fu_6060_p2               |         +|   0|  0|    71|          64|           7|
    |empty_639_fu_6093_p2               |         +|   0|  0|    71|          64|           7|
    |empty_642_fu_6126_p2               |         +|   0|  0|    71|          64|           7|
    |empty_645_fu_6159_p2               |         +|   0|  0|    71|          64|           7|
    |empty_648_fu_6192_p2               |         +|   0|  0|    71|          64|           7|
    |empty_651_fu_6225_p2               |         +|   0|  0|    71|          64|           7|
    |empty_654_fu_6258_p2               |         +|   0|  0|    71|          64|           7|
    |empty_657_fu_6291_p2               |         +|   0|  0|    71|          64|           7|
    |empty_660_fu_6306_p2               |         +|   0|  0|    71|          64|           7|
    |ap_block_pp0_stage0_11001          |       and|   0|  0|     2|           1|           1|
    |ap_block_pp0_stage10_11001         |       and|   0|  0|     2|           1|           1|
    |ap_block_pp0_stage11_11001         |       and|   0|  0|     2|           1|           1|
    |ap_block_pp0_stage12_11001         |       and|   0|  0|     2|           1|           1|
    |ap_block_pp0_stage13_11001         |       and|   0|  0|     2|           1|           1|
    |ap_block_pp0_stage14_11001         |       and|   0|  0|     2|           1|           1|
    |ap_block_pp0_stage15_11001         |       and|   0|  0|     2|           1|           1|
    |ap_block_pp0_stage16_11001         |       and|   0|  0|     2|           1|           1|
    |ap_block_pp0_stage17_11001         |       and|   0|  0|     2|           1|           1|
    |ap_block_pp0_stage18_11001         |       and|   0|  0|     2|           1|           1|
    |ap_block_pp0_stage19_11001         |       and|   0|  0|     2|           1|           1|
    |ap_block_pp0_stage20_11001         |       and|   0|  0|     2|           1|           1|
    |ap_block_pp0_stage21_11001         |       and|   0|  0|     2|           1|           1|
    |ap_block_pp0_stage22_11001         |       and|   0|  0|     2|           1|           1|
    |ap_block_pp0_stage23_11001         |       and|   0|  0|     2|           1|           1|
    |ap_block_pp0_stage24_11001         |       and|   0|  0|     2|           1|           1|
    |ap_block_pp0_stage25_11001         |       and|   0|  0|     2|           1|           1|
    |ap_block_pp0_stage26_11001         |       and|   0|  0|     2|           1|           1|
    |ap_block_pp0_stage27_11001         |       and|   0|  0|     2|           1|           1|
    |ap_block_pp0_stage28_11001         |       and|   0|  0|     2|           1|           1|
    |ap_block_pp0_stage29_11001         |       and|   0|  0|     2|           1|           1|
    |ap_block_pp0_stage30_11001         |       and|   0|  0|     2|           1|           1|
    |ap_block_pp0_stage31_11001         |       and|   0|  0|     2|           1|           1|
    |ap_block_pp0_stage32_11001         |       and|   0|  0|     2|           1|           1|
    |ap_block_pp0_stage33_11001         |       and|   0|  0|     2|           1|           1|
    |ap_block_pp0_stage34_11001         |       and|   0|  0|     2|           1|           1|
    |ap_block_pp0_stage35_11001         |       and|   0|  0|     2|           1|           1|
    |ap_block_pp0_stage36_11001         |       and|   0|  0|     2|           1|           1|
    |ap_block_pp0_stage37_11001         |       and|   0|  0|     2|           1|           1|
    |ap_block_pp0_stage38_11001         |       and|   0|  0|     2|           1|           1|
    |ap_block_pp0_stage39_11001         |       and|   0|  0|     2|           1|           1|
    |ap_block_pp0_stage40_11001         |       and|   0|  0|     2|           1|           1|
    |ap_block_pp0_stage41_11001         |       and|   0|  0|     2|           1|           1|
    |ap_block_pp0_stage42_11001         |       and|   0|  0|     2|           1|           1|
    |ap_block_pp0_stage43_11001         |       and|   0|  0|     2|           1|           1|
    |ap_block_pp0_stage44_11001         |       and|   0|  0|     2|           1|           1|
    |ap_block_pp0_stage45_11001         |       and|   0|  0|     2|           1|           1|
    |ap_block_pp0_stage46_11001         |       and|   0|  0|     2|           1|           1|
    |ap_block_pp0_stage47_11001         |       and|   0|  0|     2|           1|           1|
    |ap_block_pp0_stage48_11001         |       and|   0|  0|     2|           1|           1|
    |ap_block_pp0_stage49_11001         |       and|   0|  0|     2|           1|           1|
    |ap_block_pp0_stage50_11001         |       and|   0|  0|     2|           1|           1|
    |ap_block_pp0_stage51_11001         |       and|   0|  0|     2|           1|           1|
    |ap_block_pp0_stage52_11001         |       and|   0|  0|     2|           1|           1|
    |ap_block_pp0_stage53_11001         |       and|   0|  0|     2|           1|           1|
    |ap_block_pp0_stage54_11001         |       and|   0|  0|     2|           1|           1|
    |ap_block_pp0_stage55_11001         |       and|   0|  0|     2|           1|           1|
    |ap_block_pp0_stage56_11001         |       and|   0|  0|     2|           1|           1|
    |ap_block_pp0_stage57_11001         |       and|   0|  0|     2|           1|           1|
    |ap_block_pp0_stage58_11001         |       and|   0|  0|     2|           1|           1|
    |ap_block_pp0_stage59_11001         |       and|   0|  0|     2|           1|           1|
    |ap_block_pp0_stage60_11001         |       and|   0|  0|     2|           1|           1|
    |ap_block_pp0_stage61_11001         |       and|   0|  0|     2|           1|           1|
    |ap_block_pp0_stage62_11001         |       and|   0|  0|     2|           1|           1|
    |ap_block_pp0_stage63_11001         |       and|   0|  0|     2|           1|           1|
    |ap_block_pp0_stage64_11001         |       and|   0|  0|     2|           1|           1|
    |ap_block_pp0_stage65_11001         |       and|   0|  0|     2|           1|           1|
    |ap_block_pp0_stage66_11001         |       and|   0|  0|     2|           1|           1|
    |ap_block_pp0_stage67_11001         |       and|   0|  0|     2|           1|           1|
    |ap_block_pp0_stage68_11001         |       and|   0|  0|     2|           1|           1|
    |ap_block_pp0_stage69_11001         |       and|   0|  0|     2|           1|           1|
    |ap_block_pp0_stage70_11001         |       and|   0|  0|     2|           1|           1|
    |ap_block_pp0_stage71_11001         |       and|   0|  0|     2|           1|           1|
    |ap_block_pp0_stage72_11001         |       and|   0|  0|     2|           1|           1|
    |ap_block_pp0_stage73_11001         |       and|   0|  0|     2|           1|           1|
    |ap_block_pp0_stage74_11001         |       and|   0|  0|     2|           1|           1|
    |ap_block_pp0_stage75_11001         |       and|   0|  0|     2|           1|           1|
    |ap_block_pp0_stage76_11001         |       and|   0|  0|     2|           1|           1|
    |ap_block_pp0_stage77_11001         |       and|   0|  0|     2|           1|           1|
    |ap_block_pp0_stage78_11001         |       and|   0|  0|     2|           1|           1|
    |ap_block_pp0_stage79_11001         |       and|   0|  0|     2|           1|           1|
    |ap_block_pp0_stage80_11001         |       and|   0|  0|     2|           1|           1|
    |ap_block_pp0_stage81_11001         |       and|   0|  0|     2|           1|           1|
    |ap_block_pp0_stage82_11001         |       and|   0|  0|     2|           1|           1|
    |ap_block_pp0_stage83_11001         |       and|   0|  0|     2|           1|           1|
    |ap_block_pp0_stage84_11001         |       and|   0|  0|     2|           1|           1|
    |ap_block_pp0_stage85_11001         |       and|   0|  0|     2|           1|           1|
    |ap_block_pp0_stage86_11001         |       and|   0|  0|     2|           1|           1|
    |ap_block_pp0_stage87_11001         |       and|   0|  0|     2|           1|           1|
    |ap_block_pp0_stage88_11001         |       and|   0|  0|     2|           1|           1|
    |ap_block_pp0_stage89_11001         |       and|   0|  0|     2|           1|           1|
    |ap_block_pp0_stage8_11001          |       and|   0|  0|     2|           1|           1|
    |ap_block_pp0_stage90_11001         |       and|   0|  0|     2|           1|           1|
    |ap_block_pp0_stage91_11001         |       and|   0|  0|     2|           1|           1|
    |ap_block_pp0_stage92_11001         |       and|   0|  0|     2|           1|           1|
    |ap_block_pp0_stage93_11001         |       and|   0|  0|     2|           1|           1|
    |ap_block_pp0_stage94_11001         |       and|   0|  0|     2|           1|           1|
    |ap_block_pp0_stage95_11001         |       and|   0|  0|     2|           1|           1|
    |ap_block_pp0_stage9_11001          |       and|   0|  0|     2|           1|           1|
    |ap_block_state10_io                |       and|   0|  0|     2|           1|           1|
    |ap_block_state10_pp0_stage9_iter0  |       and|   0|  0|     2|           1|           1|
    |icmp_ln54_fu_2757_p2               |      icmp|   0|  0|    11|           8|           9|
    |empty_376_fu_3024_p2               |      lshr|   0|  0|  2171|         512|         512|
    |empty_379_fu_3069_p2               |      lshr|   0|  0|  2171|         512|         512|
    |empty_382_fu_3116_p2               |      lshr|   0|  0|  2171|         512|         512|
    |empty_385_fu_3163_p2               |      lshr|   0|  0|  2171|         512|         512|
    |empty_388_fu_3210_p2               |      lshr|   0|  0|  2171|         512|         512|
    |empty_391_fu_3257_p2               |      lshr|   0|  0|  2171|         512|         512|
    |empty_394_fu_3304_p2               |      lshr|   0|  0|  2171|         512|         512|
    |empty_397_fu_3351_p2               |      lshr|   0|  0|  2171|         512|         512|
    |empty_400_fu_3398_p2               |      lshr|   0|  0|  2171|         512|         512|
    |empty_403_fu_3445_p2               |      lshr|   0|  0|  2171|         512|         512|
    |empty_406_fu_3492_p2               |      lshr|   0|  0|  2171|         512|         512|
    |empty_409_fu_3539_p2               |      lshr|   0|  0|  2171|         512|         512|
    |empty_412_fu_3586_p2               |      lshr|   0|  0|  2171|         512|         512|
    |empty_415_fu_3633_p2               |      lshr|   0|  0|  2171|         512|         512|
    |empty_418_fu_3680_p2               |      lshr|   0|  0|  2171|         512|         512|
    |empty_421_fu_3727_p2               |      lshr|   0|  0|  2171|         512|         512|
    |empty_424_fu_3774_p2               |      lshr|   0|  0|  2171|         512|         512|
    |empty_427_fu_3821_p2               |      lshr|   0|  0|  2171|         512|         512|
    |empty_430_fu_3868_p2               |      lshr|   0|  0|  2171|         512|         512|
    |empty_433_fu_3915_p2               |      lshr|   0|  0|  2171|         512|         512|
    |empty_436_fu_3962_p2               |      lshr|   0|  0|  2171|         512|         512|
    |empty_439_fu_4009_p2               |      lshr|   0|  0|  2171|         512|         512|
    |empty_442_fu_4071_p2               |      lshr|   0|  0|  2171|         512|         512|
    |empty_445_fu_4103_p2               |      lshr|   0|  0|  2171|         512|         512|
    |empty_448_fu_4149_p2               |      lshr|   0|  0|  2171|         512|         512|
    |empty_451_fu_4196_p2               |      lshr|   0|  0|  2171|         512|         512|
    |empty_454_fu_4243_p2               |      lshr|   0|  0|  2171|         512|         512|
    |empty_457_fu_4290_p2               |      lshr|   0|  0|  2171|         512|         512|
    |empty_460_fu_4337_p2               |      lshr|   0|  0|  2171|         512|         512|
    |empty_463_fu_4384_p2               |      lshr|   0|  0|  2171|         512|         512|
    |empty_466_fu_4431_p2               |      lshr|   0|  0|  2171|         512|         512|
    |empty_469_fu_4478_p2               |      lshr|   0|  0|  2171|         512|         512|
    |empty_472_fu_4525_p2               |      lshr|   0|  0|  2171|         512|         512|
    |empty_475_fu_4558_p2               |      lshr|   0|  0|  2171|         512|         512|
    |empty_478_fu_4591_p2               |      lshr|   0|  0|  2171|         512|         512|
    |empty_481_fu_4624_p2               |      lshr|   0|  0|  2171|         512|         512|
    |empty_484_fu_4657_p2               |      lshr|   0|  0|  2171|         512|         512|
    |empty_487_fu_4690_p2               |      lshr|   0|  0|  2171|         512|         512|
    |empty_490_fu_4723_p2               |      lshr|   0|  0|  2171|         512|         512|
    |empty_493_fu_4756_p2               |      lshr|   0|  0|  2171|         512|         512|
    |empty_496_fu_4789_p2               |      lshr|   0|  0|  2171|         512|         512|
    |empty_499_fu_4822_p2               |      lshr|   0|  0|  2171|         512|         512|
    |empty_502_fu_4855_p2               |      lshr|   0|  0|  2171|         512|         512|
    |empty_505_fu_4888_p2               |      lshr|   0|  0|  2171|         512|         512|
    |empty_508_fu_4921_p2               |      lshr|   0|  0|  2171|         512|         512|
    |empty_511_fu_4954_p2               |      lshr|   0|  0|  2171|         512|         512|
    |empty_514_fu_4987_p2               |      lshr|   0|  0|  2171|         512|         512|
    |empty_517_fu_5020_p2               |      lshr|   0|  0|  2171|         512|         512|
    |empty_520_fu_5053_p2               |      lshr|   0|  0|  2171|         512|         512|
    |empty_523_fu_5086_p2               |      lshr|   0|  0|  2171|         512|         512|
    |empty_526_fu_5119_p2               |      lshr|   0|  0|  2171|         512|         512|
    |empty_529_fu_5152_p2               |      lshr|   0|  0|  2171|         512|         512|
    |empty_532_fu_5185_p2               |      lshr|   0|  0|  2171|         512|         512|
    |empty_535_fu_5218_p2               |      lshr|   0|  0|  2171|         512|         512|
    |empty_538_fu_5266_p2               |      lshr|   0|  0|  2171|         512|         512|
    |empty_541_fu_5284_p2               |      lshr|   0|  0|  2171|         512|         512|
    |empty_544_fu_5316_p2               |      lshr|   0|  0|  2171|         512|         512|
    |empty_547_fu_5349_p2               |      lshr|   0|  0|  2171|         512|         512|
    |empty_550_fu_5382_p2               |      lshr|   0|  0|  2171|         512|         512|
    |empty_553_fu_5415_p2               |      lshr|   0|  0|  2171|         512|         512|
    |empty_556_fu_5448_p2               |      lshr|   0|  0|  2171|         512|         512|
    |empty_559_fu_5481_p2               |      lshr|   0|  0|  2171|         512|         512|
    |empty_562_fu_5514_p2               |      lshr|   0|  0|  2171|         512|         512|
    |empty_565_fu_5547_p2               |      lshr|   0|  0|  2171|         512|         512|
    |empty_568_fu_5580_p2               |      lshr|   0|  0|  2171|         512|         512|
    |empty_571_fu_5613_p2               |      lshr|   0|  0|  2171|         512|         512|
    |empty_574_fu_5646_p2               |      lshr|   0|  0|  2171|         512|         512|
    |empty_577_fu_5679_p2               |      lshr|   0|  0|  2171|         512|         512|
    |empty_580_fu_5712_p2               |      lshr|   0|  0|  2171|         512|         512|
    |empty_583_fu_5745_p2               |      lshr|   0|  0|  2171|         512|         512|
    |empty_586_fu_5778_p2               |      lshr|   0|  0|  2171|         512|         512|
    |empty_589_fu_5811_p2               |      lshr|   0|  0|  2171|         512|         512|
    |empty_592_fu_5844_p2               |      lshr|   0|  0|  2171|         512|         512|
    |empty_595_fu_5877_p2               |      lshr|   0|  0|  2171|         512|         512|
    |empty_598_fu_5910_p2               |      lshr|   0|  0|  2171|         512|         512|
    |empty_601_fu_5943_p2               |      lshr|   0|  0|  2171|         512|         512|
    |empty_604_fu_5976_p2               |      lshr|   0|  0|  2171|         512|         512|
    |empty_607_fu_6009_p2               |      lshr|   0|  0|  2171|         512|         512|
    |empty_610_fu_6042_p2               |      lshr|   0|  0|  2171|         512|         512|
    |empty_613_fu_6075_p2               |      lshr|   0|  0|  2171|         512|         512|
    |empty_616_fu_6108_p2               |      lshr|   0|  0|  2171|         512|         512|
    |empty_619_fu_6141_p2               |      lshr|   0|  0|  2171|         512|         512|
    |empty_622_fu_6174_p2               |      lshr|   0|  0|  2171|         512|         512|
    |empty_625_fu_6207_p2               |      lshr|   0|  0|  2171|         512|         512|
    |empty_628_fu_6240_p2               |      lshr|   0|  0|  2171|         512|         512|
    |empty_631_fu_6273_p2               |      lshr|   0|  0|  2171|         512|         512|
    |empty_634_fu_6321_p2               |      lshr|   0|  0|  2171|         512|         512|
    |empty_637_fu_6339_p2               |      lshr|   0|  0|  2171|         512|         512|
    |empty_640_fu_6357_p2               |      lshr|   0|  0|  2171|         512|         512|
    |empty_643_fu_6365_p2               |      lshr|   0|  0|  2171|         512|         512|
    |empty_646_fu_6373_p2               |      lshr|   0|  0|  2171|         512|         512|
    |empty_649_fu_6381_p2               |      lshr|   0|  0|  2171|         512|         512|
    |empty_652_fu_6389_p2               |      lshr|   0|  0|  2171|         512|         512|
    |empty_655_fu_6397_p2               |      lshr|   0|  0|  2171|         512|         512|
    |empty_658_fu_6405_p2               |      lshr|   0|  0|  2171|         512|         512|
    |empty_661_fu_6413_p2               |      lshr|   0|  0|  2171|         512|         512|
    |ap_block_pp0_stage1_11001          |        or|   0|  0|     2|           1|           1|
    |ap_block_pp0_stage2_11001          |        or|   0|  0|     2|           1|           1|
    |ap_block_pp0_stage3_11001          |        or|   0|  0|     2|           1|           1|
    |ap_block_pp0_stage4_11001          |        or|   0|  0|     2|           1|           1|
    |ap_block_pp0_stage5_11001          |        or|   0|  0|     2|           1|           1|
    |ap_block_pp0_stage6_11001          |        or|   0|  0|     2|           1|           1|
    |ap_block_pp0_stage7_11001          |        or|   0|  0|     2|           1|           1|
    |empty_344_fu_3102_p2               |        or|   0|  0|    13|          13|           1|
    |empty_345_fu_3149_p2               |        or|   0|  0|    13|          13|           2|
    |empty_346_fu_3196_p2               |        or|   0|  0|    13|          13|           2|
    |empty_347_fu_3243_p2               |        or|   0|  0|    13|          13|           3|
    |empty_348_fu_3290_p2               |        or|   0|  0|    13|          13|           3|
    |empty_349_fu_3337_p2               |        or|   0|  0|    13|          13|           3|
    |empty_350_fu_3384_p2               |        or|   0|  0|    13|          13|           3|
    |empty_351_fu_3431_p2               |        or|   0|  0|    13|          13|           4|
    |empty_352_fu_3478_p2               |        or|   0|  0|    13|          13|           4|
    |empty_353_fu_3525_p2               |        or|   0|  0|    13|          13|           4|
    |empty_354_fu_3572_p2               |        or|   0|  0|    13|          13|           4|
    |empty_355_fu_3619_p2               |        or|   0|  0|    13|          13|           4|
    |empty_356_fu_3666_p2               |        or|   0|  0|    13|          13|           4|
    |empty_357_fu_3713_p2               |        or|   0|  0|    13|          13|           4|
    |empty_358_fu_3760_p2               |        or|   0|  0|    13|          13|           4|
    |empty_359_fu_3807_p2               |        or|   0|  0|    13|          13|           5|
    |empty_360_fu_3854_p2               |        or|   0|  0|    13|          13|           5|
    |empty_361_fu_3901_p2               |        or|   0|  0|    13|          13|           5|
    |empty_362_fu_3948_p2               |        or|   0|  0|    13|          13|           5|
    |empty_363_fu_3995_p2               |        or|   0|  0|    13|          13|           5|
    |empty_364_fu_4057_p2               |        or|   0|  0|    13|          13|           5|
    |empty_365_fu_4089_p2               |        or|   0|  0|    13|          13|           5|
    |empty_366_fu_4135_p2               |        or|   0|  0|    13|          13|           5|
    |empty_367_fu_4182_p2               |        or|   0|  0|    13|          13|           5|
    |empty_368_fu_4229_p2               |        or|   0|  0|    13|          13|           5|
    |empty_369_fu_4276_p2               |        or|   0|  0|    13|          13|           5|
    |empty_370_fu_4323_p2               |        or|   0|  0|    13|          13|           5|
    |empty_371_fu_4370_p2               |        or|   0|  0|    13|          13|           5|
    |empty_372_fu_4417_p2               |        or|   0|  0|    13|          13|           5|
    |empty_373_fu_4464_p2               |        or|   0|  0|    13|          13|           5|
    |empty_374_fu_4511_p2               |        or|   0|  0|    13|          13|           5|
    |ap_enable_pp0                      |       xor|   0|  0|     2|           1|           2|
    +-----------------------------------+----------+----+---+------+------------+------------+
    |Total                              |          |   0|  0|215904|       55852|       50194|
    +-----------------------------------+----------+----+---+------+------------+------------+

    * Multiplexer: 
    +-----------------------------+-----+-----------+-----+-----------+
    |             Name            | LUT | Input Size| Bits| Total Bits|
    +-----------------------------+-----+-----------+-----+-----------+
    |ap_NS_fsm                    |  485|         97|    1|         97|
    |ap_done_int                  |    9|          2|    1|          2|
    |ap_enable_reg_pp0_iter0      |    9|          2|    1|          2|
    |ap_enable_reg_pp0_iter0_reg  |    9|          2|    1|          2|
    |ap_enable_reg_pp0_iter1      |    9|          2|    1|          2|
    |ap_sig_allocacmp_i           |    9|          2|    8|         16|
    |e_dst_buffer_b_address0      |  152|         33|   12|        396|
    |e_dst_buffer_b_d0            |  152|         33|    5|        165|
    |e_src_buffer_b_address0      |  152|         33|   12|        396|
    |e_src_buffer_b_d0            |  152|         33|   32|       1056|
    |gmem_blk_n_AR                |    9|          2|    1|          2|
    |gmem_blk_n_R                 |    9|          2|    1|          2|
    |i_2_fu_302                   |    9|          2|    8|         16|
    |m_axi_gmem_ARADDR            |  485|         97|   64|       6208|
    |out_deg_buffer_b_address0    |  152|         33|   12|        396|
    |out_deg_buffer_b_d0          |  152|         33|   32|       1056|
    +-----------------------------+-----+-----------+-----+-----------+
    |Total                        | 1954|        408|  192|       9814|
    +-----------------------------+-----+-----------+-----+-----------+

    * Register: 
    +-----------------------------+-----+----+-----+-----------+
    |             Name            |  FF | LUT| Bits| Const Bits|
    +-----------------------------+-----+----+-----+-----------+
    |ap_CS_fsm                    |   96|   0|   96|          0|
    |ap_done_reg                  |    1|   0|    1|          0|
    |ap_enable_reg_pp0_iter0_reg  |    1|   0|    1|          0|
    |ap_enable_reg_pp0_iter1      |    1|   0|    1|          0|
    |empty_375_reg_6741           |   64|   0|   64|          0|
    |empty_377_reg_6874           |   32|   0|   32|          0|
    |empty_380_reg_6936           |   32|   0|   32|          0|
    |empty_383_reg_6963           |   32|   0|   32|          0|
    |empty_386_reg_6990           |   32|   0|   32|          0|
    |empty_389_reg_7017           |   32|   0|   32|          0|
    |empty_392_reg_7044           |   32|   0|   32|          0|
    |empty_395_reg_7071           |   32|   0|   32|          0|
    |empty_398_reg_7098           |   32|   0|   32|          0|
    |empty_401_reg_7125           |   32|   0|   32|          0|
    |empty_404_reg_7152           |   32|   0|   32|          0|
    |empty_407_reg_7179           |   32|   0|   32|          0|
    |empty_410_reg_7206           |   32|   0|   32|          0|
    |empty_413_reg_7233           |   32|   0|   32|          0|
    |empty_416_reg_7260           |   32|   0|   32|          0|
    |empty_419_reg_7287           |   32|   0|   32|          0|
    |empty_422_reg_7314           |   32|   0|   32|          0|
    |empty_425_reg_7341           |   32|   0|   32|          0|
    |empty_428_reg_7368           |   32|   0|   32|          0|
    |empty_431_reg_7395           |   32|   0|   32|          0|
    |empty_434_reg_7422           |   32|   0|   32|          0|
    |empty_437_reg_7449           |   32|   0|   32|          0|
    |empty_440_reg_7476           |   32|   0|   32|          0|
    |empty_443_reg_7508           |   32|   0|   32|          0|
    |empty_446_reg_7530           |   32|   0|   32|          0|
    |empty_449_reg_7592           |   32|   0|   32|          0|
    |empty_452_reg_7619           |   32|   0|   32|          0|
    |empty_455_reg_7646           |   32|   0|   32|          0|
    |empty_458_reg_7673           |   32|   0|   32|          0|
    |empty_461_reg_7700           |   32|   0|   32|          0|
    |empty_464_reg_7727           |   32|   0|   32|          0|
    |empty_467_reg_7754           |   32|   0|   32|          0|
    |empty_470_reg_7781           |   32|   0|   32|          0|
    |empty_471_reg_7546           |   64|   0|   64|          0|
    |empty_473_reg_7808           |    5|   0|    5|          0|
    |empty_476_reg_7829           |    5|   0|    5|          0|
    |empty_479_reg_7850           |    5|   0|    5|          0|
    |empty_482_reg_7871           |    5|   0|    5|          0|
    |empty_485_reg_7892           |    5|   0|    5|          0|
    |empty_488_reg_7913           |    5|   0|    5|          0|
    |empty_491_reg_7934           |    5|   0|    5|          0|
    |empty_494_reg_7955           |    5|   0|    5|          0|
    |empty_497_reg_7976           |    5|   0|    5|          0|
    |empty_500_reg_7997           |    5|   0|    5|          0|
    |empty_503_reg_8018           |    5|   0|    5|          0|
    |empty_506_reg_8039           |    5|   0|    5|          0|
    |empty_509_reg_8060           |    5|   0|    5|          0|
    |empty_512_reg_8081           |    5|   0|    5|          0|
    |empty_515_reg_8102           |    5|   0|    5|          0|
    |empty_518_reg_8123           |    5|   0|    5|          0|
    |empty_521_reg_8144           |    5|   0|    5|          0|
    |empty_524_reg_8165           |    5|   0|    5|          0|
    |empty_527_reg_8186           |    5|   0|    5|          0|
    |empty_530_reg_8207           |    5|   0|    5|          0|
    |empty_533_reg_8228           |    5|   0|    5|          0|
    |empty_536_reg_8249           |    5|   0|    5|          0|
    |empty_539_reg_8275           |    5|   0|    5|          0|
    |empty_542_reg_8291           |    5|   0|    5|          0|
    |empty_545_reg_8347           |    5|   0|    5|          0|
    |empty_548_reg_8368           |    5|   0|    5|          0|
    |empty_551_reg_8389           |    5|   0|    5|          0|
    |empty_554_reg_8410           |    5|   0|    5|          0|
    |empty_557_reg_8431           |    5|   0|    5|          0|
    |empty_560_reg_8452           |    5|   0|    5|          0|
    |empty_563_reg_8473           |    5|   0|    5|          0|
    |empty_566_reg_8494           |    5|   0|    5|          0|
    |empty_567_reg_8307           |   64|   0|   64|          0|
    |empty_569_reg_8515           |   32|   0|   32|          0|
    |empty_572_reg_8536           |   32|   0|   32|          0|
    |empty_575_reg_8557           |   32|   0|   32|          0|
    |empty_578_reg_8578           |   32|   0|   32|          0|
    |empty_581_reg_8599           |   32|   0|   32|          0|
    |empty_584_reg_8620           |   32|   0|   32|          0|
    |empty_587_reg_8641           |   32|   0|   32|          0|
    |empty_590_reg_8662           |   32|   0|   32|          0|
    |empty_593_reg_8683           |   32|   0|   32|          0|
    |empty_596_reg_8704           |   32|   0|   32|          0|
    |empty_599_reg_8725           |   32|   0|   32|          0|
    |empty_602_reg_8746           |   32|   0|   32|          0|
    |empty_605_reg_8767           |   32|   0|   32|          0|
    |empty_608_reg_8788           |   32|   0|   32|          0|
    |empty_611_reg_8809           |   32|   0|   32|          0|
    |empty_614_reg_8830           |   32|   0|   32|          0|
    |empty_617_reg_8851           |   32|   0|   32|          0|
    |empty_620_reg_8872           |   32|   0|   32|          0|
    |empty_623_reg_8893           |   32|   0|   32|          0|
    |empty_626_reg_8914           |   32|   0|   32|          0|
    |empty_629_reg_8935           |   32|   0|   32|          0|
    |empty_632_reg_8956           |   32|   0|   32|          0|
    |empty_635_reg_8982           |   32|   0|   32|          0|
    |empty_638_reg_8998           |   32|   0|   32|          0|
    |empty_641_reg_9014           |   32|   0|   32|          0|
    |empty_644_reg_9024           |   32|   0|   32|          0|
    |empty_647_reg_9034           |   32|   0|   32|          0|
    |empty_650_reg_9044           |   32|   0|   32|          0|
    |empty_653_reg_9054           |   32|   0|   32|          0|
    |empty_656_reg_9064           |   32|   0|   32|          0|
    |empty_659_reg_9074           |   32|   0|   32|          0|
    |empty_662_reg_9084           |   32|   0|   32|          0|
    |gmem_addr_100_read_reg_7918  |  512|   0|  512|          0|
    |gmem_addr_101_read_reg_7939  |  512|   0|  512|          0|
    |gmem_addr_102_read_reg_7960  |  512|   0|  512|          0|
    |gmem_addr_103_read_reg_7981  |  512|   0|  512|          0|
    |gmem_addr_104_read_reg_8002  |  512|   0|  512|          0|
    |gmem_addr_105_read_reg_8023  |  512|   0|  512|          0|
    |gmem_addr_106_read_reg_8044  |  512|   0|  512|          0|
    |gmem_addr_107_read_reg_8065  |  512|   0|  512|          0|
    |gmem_addr_108_read_reg_8086  |  512|   0|  512|          0|
    |gmem_addr_109_read_reg_8107  |  512|   0|  512|          0|
    |gmem_addr_110_read_reg_8128  |  512|   0|  512|          0|
    |gmem_addr_111_read_reg_8149  |  512|   0|  512|          0|
    |gmem_addr_112_read_reg_8170  |  512|   0|  512|          0|
    |gmem_addr_113_read_reg_8191  |  512|   0|  512|          0|
    |gmem_addr_114_read_reg_8212  |  512|   0|  512|          0|
    |gmem_addr_115_read_reg_8233  |  512|   0|  512|          0|
    |gmem_addr_116_read_reg_8254  |  512|   0|  512|          0|
    |gmem_addr_117_read_reg_8280  |  512|   0|  512|          0|
    |gmem_addr_118_read_reg_8296  |  512|   0|  512|          0|
    |gmem_addr_119_read_reg_8352  |  512|   0|  512|          0|
    |gmem_addr_120_read_reg_8373  |  512|   0|  512|          0|
    |gmem_addr_121_read_reg_8394  |  512|   0|  512|          0|
    |gmem_addr_122_read_reg_8415  |  512|   0|  512|          0|
    |gmem_addr_123_read_reg_8436  |  512|   0|  512|          0|
    |gmem_addr_124_read_reg_8457  |  512|   0|  512|          0|
    |gmem_addr_125_read_reg_8478  |  512|   0|  512|          0|
    |gmem_addr_126_read_reg_8499  |  512|   0|  512|          0|
    |gmem_addr_127_read_reg_8520  |  512|   0|  512|          0|
    |gmem_addr_128_read_reg_8541  |  512|   0|  512|          0|
    |gmem_addr_129_read_reg_8562  |  512|   0|  512|          0|
    |gmem_addr_130_read_reg_8583  |  512|   0|  512|          0|
    |gmem_addr_131_read_reg_8604  |  512|   0|  512|          0|
    |gmem_addr_132_read_reg_8625  |  512|   0|  512|          0|
    |gmem_addr_133_read_reg_8646  |  512|   0|  512|          0|
    |gmem_addr_134_read_reg_8667  |  512|   0|  512|          0|
    |gmem_addr_135_read_reg_8688  |  512|   0|  512|          0|
    |gmem_addr_136_read_reg_8709  |  512|   0|  512|          0|
    |gmem_addr_137_read_reg_8730  |  512|   0|  512|          0|
    |gmem_addr_138_read_reg_8751  |  512|   0|  512|          0|
    |gmem_addr_139_read_reg_8772  |  512|   0|  512|          0|
    |gmem_addr_140_read_reg_8793  |  512|   0|  512|          0|
    |gmem_addr_141_read_reg_8814  |  512|   0|  512|          0|
    |gmem_addr_142_read_reg_8835  |  512|   0|  512|          0|
    |gmem_addr_143_read_reg_8856  |  512|   0|  512|          0|
    |gmem_addr_144_read_reg_8877  |  512|   0|  512|          0|
    |gmem_addr_145_read_reg_8898  |  512|   0|  512|          0|
    |gmem_addr_146_read_reg_8919  |  512|   0|  512|          0|
    |gmem_addr_147_read_reg_8940  |  512|   0|  512|          0|
    |gmem_addr_148_read_reg_8961  |  512|   0|  512|          0|
    |gmem_addr_149_read_reg_8987  |  512|   0|  512|          0|
    |gmem_addr_150_read_reg_9003  |  512|   0|  512|          0|
    |gmem_addr_151_read_reg_9019  |  512|   0|  512|          0|
    |gmem_addr_152_read_reg_9029  |  512|   0|  512|          0|
    |gmem_addr_153_read_reg_9039  |  512|   0|  512|          0|
    |gmem_addr_154_read_reg_9049  |  512|   0|  512|          0|
    |gmem_addr_155_read_reg_9059  |  512|   0|  512|          0|
    |gmem_addr_156_read_reg_9069  |  512|   0|  512|          0|
    |gmem_addr_157_read_reg_9079  |  512|   0|  512|          0|
    |gmem_addr_63_read_reg_6879   |  512|   0|  512|          0|
    |gmem_addr_64_read_reg_6941   |  512|   0|  512|          0|
    |gmem_addr_65_read_reg_6968   |  512|   0|  512|          0|
    |gmem_addr_66_read_reg_6995   |  512|   0|  512|          0|
    |gmem_addr_67_read_reg_7022   |  512|   0|  512|          0|
    |gmem_addr_68_read_reg_7049   |  512|   0|  512|          0|
    |gmem_addr_69_read_reg_7076   |  512|   0|  512|          0|
    |gmem_addr_70_read_reg_7103   |  512|   0|  512|          0|
    |gmem_addr_71_read_reg_7130   |  512|   0|  512|          0|
    |gmem_addr_72_read_reg_7157   |  512|   0|  512|          0|
    |gmem_addr_73_read_reg_7184   |  512|   0|  512|          0|
    |gmem_addr_74_read_reg_7211   |  512|   0|  512|          0|
    |gmem_addr_75_read_reg_7238   |  512|   0|  512|          0|
    |gmem_addr_76_read_reg_7265   |  512|   0|  512|          0|
    |gmem_addr_77_read_reg_7292   |  512|   0|  512|          0|
    |gmem_addr_78_read_reg_7319   |  512|   0|  512|          0|
    |gmem_addr_79_read_reg_7346   |  512|   0|  512|          0|
    |gmem_addr_80_read_reg_7373   |  512|   0|  512|          0|
    |gmem_addr_81_read_reg_7400   |  512|   0|  512|          0|
    |gmem_addr_82_read_reg_7427   |  512|   0|  512|          0|
    |gmem_addr_83_read_reg_7454   |  512|   0|  512|          0|
    |gmem_addr_84_read_reg_7481   |  512|   0|  512|          0|
    |gmem_addr_85_read_reg_7513   |  512|   0|  512|          0|
    |gmem_addr_86_read_reg_7535   |  512|   0|  512|          0|
    |gmem_addr_87_read_reg_7597   |  512|   0|  512|          0|
    |gmem_addr_88_read_reg_7624   |  512|   0|  512|          0|
    |gmem_addr_89_read_reg_7651   |  512|   0|  512|          0|
    |gmem_addr_90_read_reg_7678   |  512|   0|  512|          0|
    |gmem_addr_91_read_reg_7705   |  512|   0|  512|          0|
    |gmem_addr_92_read_reg_7732   |  512|   0|  512|          0|
    |gmem_addr_93_read_reg_7759   |  512|   0|  512|          0|
    |gmem_addr_94_read_reg_7786   |  512|   0|  512|          0|
    |gmem_addr_95_read_reg_7813   |  512|   0|  512|          0|
    |gmem_addr_96_read_reg_7834   |  512|   0|  512|          0|
    |gmem_addr_97_read_reg_7855   |  512|   0|  512|          0|
    |gmem_addr_98_read_reg_7876   |  512|   0|  512|          0|
    |gmem_addr_99_read_reg_7897   |  512|   0|  512|          0|
    |gmem_addr_read_reg_6858      |  512|   0|  512|          0|
    |i_2_fu_302                   |    8|   0|    8|          0|
    |i_reg_6726                   |    8|   0|    8|          0|
    |icmp_ln54_reg_6731           |    1|   0|    1|          0|
    |p_cast100_reg_8426           |   58|   0|   58|          0|
    |p_cast101_reg_8447           |   58|   0|   58|          0|
    |p_cast102_reg_8468           |   58|   0|   58|          0|
    |p_cast103_reg_8489           |   58|   0|   58|          0|
    |p_cast104_reg_8510           |   58|   0|   58|          0|
    |p_cast105_reg_8531           |   58|   0|   58|          0|
    |p_cast106_reg_8552           |   58|   0|   58|          0|
    |p_cast107_reg_8573           |   58|   0|   58|          0|
    |p_cast108_reg_8594           |   58|   0|   58|          0|
    |p_cast109_reg_8615           |   58|   0|   58|          0|
    |p_cast10_reg_6831            |   58|   0|   58|          0|
    |p_cast110_reg_8636           |   58|   0|   58|          0|
    |p_cast111_reg_8657           |   58|   0|   58|          0|
    |p_cast112_reg_8678           |   58|   0|   58|          0|
    |p_cast113_reg_8699           |   58|   0|   58|          0|
    |p_cast114_reg_8720           |   58|   0|   58|          0|
    |p_cast115_reg_8741           |   58|   0|   58|          0|
    |p_cast116_reg_8762           |   58|   0|   58|          0|
    |p_cast117_reg_8783           |   58|   0|   58|          0|
    |p_cast118_reg_8804           |   58|   0|   58|          0|
    |p_cast119_reg_8825           |   58|   0|   58|          0|
    |p_cast120_reg_8846           |   58|   0|   58|          0|
    |p_cast121_reg_8867           |   58|   0|   58|          0|
    |p_cast122_reg_8888           |   58|   0|   58|          0|
    |p_cast123_reg_8909           |   58|   0|   58|          0|
    |p_cast124_reg_8930           |   58|   0|   58|          0|
    |p_cast125_reg_8951           |   58|   0|   58|          0|
    |p_cast126_reg_8972           |   58|   0|   58|          0|
    |p_cast127_reg_8977           |   58|   0|   58|          0|
    |p_cast12_reg_6842            |   58|   0|   58|          0|
    |p_cast14_reg_6853            |   58|   0|   58|          0|
    |p_cast16_reg_6869            |   58|   0|   58|          0|
    |p_cast18_reg_6890            |   58|   0|   58|          0|
    |p_cast20_reg_6952            |   58|   0|   58|          0|
    |p_cast22_reg_6979            |   58|   0|   58|          0|
    |p_cast24_reg_7006            |   58|   0|   58|          0|
    |p_cast26_reg_7033            |   58|   0|   58|          0|
    |p_cast28_reg_7060            |   58|   0|   58|          0|
    |p_cast2_reg_6787             |   58|   0|   58|          0|
    |p_cast30_reg_7087            |   58|   0|   58|          0|
    |p_cast32_reg_7114            |   58|   0|   58|          0|
    |p_cast34_reg_7141            |   58|   0|   58|          0|
    |p_cast36_reg_7168            |   58|   0|   58|          0|
    |p_cast38_reg_7195            |   58|   0|   58|          0|
    |p_cast40_reg_7222            |   58|   0|   58|          0|
    |p_cast42_reg_7249            |   58|   0|   58|          0|
    |p_cast44_reg_7276            |   58|   0|   58|          0|
    |p_cast46_reg_7303            |   58|   0|   58|          0|
    |p_cast48_reg_7330            |   58|   0|   58|          0|
    |p_cast4_reg_6798             |   58|   0|   58|          0|
    |p_cast509_cast_reg_6720      |    9|   0|  512|        503|
    |p_cast50_reg_7357            |   58|   0|   58|          0|
    |p_cast510_cast_reg_6714      |    9|   0|  512|        503|
    |p_cast511_cast_reg_6708      |    9|   0|  512|        503|
    |p_cast512_cast_reg_6702      |    9|   0|  512|        503|
    |p_cast513_cast_reg_6696      |    9|   0|  512|        503|
    |p_cast514_cast_reg_6690      |    9|   0|  512|        503|
    |p_cast515_cast_reg_6684      |    9|   0|  512|        503|
    |p_cast516_cast_reg_6678      |    9|   0|  512|        503|
    |p_cast517_cast_reg_6672      |    9|   0|  512|        503|
    |p_cast518_cast_reg_6666      |    9|   0|  512|        503|
    |p_cast519_cast_reg_6660      |    9|   0|  512|        503|
    |p_cast520_cast_reg_6654      |    9|   0|  512|        503|
    |p_cast521_cast_reg_6648      |    9|   0|  512|        503|
    |p_cast522_cast_reg_6642      |    9|   0|  512|        503|
    |p_cast523_cast_reg_6636      |    9|   0|  512|        503|
    |p_cast525_cast_reg_6624      |    9|   0|  512|        503|
    |p_cast526_cast_reg_6618      |    9|   0|  512|        503|
    |p_cast527_cast_reg_6612      |    9|   0|  512|        503|
    |p_cast528_cast_reg_6606      |    9|   0|  512|        503|
    |p_cast529_cast_reg_6600      |    9|   0|  512|        503|
    |p_cast52_reg_7384            |   58|   0|   58|          0|
    |p_cast530_cast_reg_6594      |    9|   0|  512|        503|
    |p_cast531_cast_reg_6588      |    9|   0|  512|        503|
    |p_cast532_cast_reg_6582      |    9|   0|  512|        503|
    |p_cast533_cast_reg_6576      |    9|   0|  512|        503|
    |p_cast534_cast_reg_6570      |    9|   0|  512|        503|
    |p_cast535_cast_reg_6564      |    9|   0|  512|        503|
    |p_cast536_cast_reg_6558      |    9|   0|  512|        503|
    |p_cast537_cast_reg_6552      |    9|   0|  512|        503|
    |p_cast538_cast_reg_6546      |    9|   0|  512|        503|
    |p_cast539_cast_reg_6540      |    9|   0|  512|        503|
    |p_cast541_cast_reg_6528      |    9|   0|  512|        503|
    |p_cast542_cast_reg_6522      |    9|   0|  512|        503|
    |p_cast543_cast_reg_6516      |    9|   0|  512|        503|
    |p_cast544_cast_reg_6510      |    9|   0|  512|        503|
    |p_cast545_cast_reg_6504      |    9|   0|  512|        503|
    |p_cast546_cast_reg_6498      |    9|   0|  512|        503|
    |p_cast547_cast_reg_6492      |    9|   0|  512|        503|
    |p_cast548_cast_reg_6486      |    9|   0|  512|        503|
    |p_cast549_cast_reg_6480      |    9|   0|  512|        503|
    |p_cast54_reg_7411            |   58|   0|   58|          0|
    |p_cast550_cast_reg_6474      |    9|   0|  512|        503|
    |p_cast551_cast_reg_6468      |    9|   0|  512|        503|
    |p_cast552_cast_reg_6462      |    9|   0|  512|        503|
    |p_cast553_cast_reg_6456      |    9|   0|  512|        503|
    |p_cast554_cast_reg_6450      |    9|   0|  512|        503|
    |p_cast555_cast_reg_6444      |    9|   0|  512|        503|
    |p_cast56_reg_7438            |   58|   0|   58|          0|
    |p_cast58_reg_7465            |   58|   0|   58|          0|
    |p_cast60_reg_7492            |   58|   0|   58|          0|
    |p_cast63_reg_7497            |   58|   0|   58|          0|
    |p_cast64_reg_7581            |   58|   0|   58|          0|
    |p_cast65_reg_7608            |   58|   0|   58|          0|
    |p_cast66_reg_7635            |   58|   0|   58|          0|
    |p_cast67_reg_7662            |   58|   0|   58|          0|
    |p_cast68_reg_7689            |   58|   0|   58|          0|
    |p_cast69_reg_7716            |   58|   0|   58|          0|
    |p_cast6_reg_6809             |   58|   0|   58|          0|
    |p_cast70_reg_7743            |   58|   0|   58|          0|
    |p_cast71_reg_7770            |   58|   0|   58|          0|
    |p_cast72_reg_7797            |   58|   0|   58|          0|
    |p_cast73_reg_7824            |   58|   0|   58|          0|
    |p_cast74_reg_7845            |   58|   0|   58|          0|
    |p_cast75_reg_7866            |   58|   0|   58|          0|
    |p_cast76_reg_7887            |   58|   0|   58|          0|
    |p_cast77_reg_7908            |   58|   0|   58|          0|
    |p_cast78_reg_7929            |   58|   0|   58|          0|
    |p_cast79_reg_7950            |   58|   0|   58|          0|
    |p_cast80_reg_7971            |   58|   0|   58|          0|
    |p_cast81_reg_7992            |   58|   0|   58|          0|
    |p_cast82_reg_8013            |   58|   0|   58|          0|
    |p_cast83_reg_8034            |   58|   0|   58|          0|
    |p_cast84_reg_8055            |   58|   0|   58|          0|
    |p_cast85_reg_8076            |   58|   0|   58|          0|
    |p_cast86_reg_8097            |   58|   0|   58|          0|
    |p_cast87_reg_8118            |   58|   0|   58|          0|
    |p_cast88_reg_8139            |   58|   0|   58|          0|
    |p_cast89_reg_8160            |   58|   0|   58|          0|
    |p_cast8_reg_6820             |   58|   0|   58|          0|
    |p_cast90_reg_8181            |   58|   0|   58|          0|
    |p_cast91_reg_8202            |   58|   0|   58|          0|
    |p_cast92_reg_8223            |   58|   0|   58|          0|
    |p_cast93_reg_8244            |   58|   0|   58|          0|
    |p_cast94_reg_8265            |   58|   0|   58|          0|
    |p_cast95_reg_8270            |   58|   0|   58|          0|
    |p_cast96_reg_8342            |   58|   0|   58|          0|
    |p_cast97_reg_8363            |   58|   0|   58|          0|
    |p_cast98_reg_8384            |   58|   0|   58|          0|
    |p_cast99_reg_8405            |   58|   0|   58|          0|
    |p_cast_reg_6776              |   58|   0|   58|          0|
    |shl_ln56_1_cast_reg_6735     |   38|   0|   64|         26|
    |tmp_100_reg_7613             |    8|   0|   64|         56|
    |tmp_101_cast_reg_6930        |    8|   0|   64|         56|
    |tmp_101_reg_7640             |    8|   0|   64|         56|
    |tmp_102_reg_7667             |    8|   0|   64|         56|
    |tmp_103_reg_7694             |    8|   0|   64|         56|
    |tmp_104_reg_7721             |    8|   0|   64|         56|
    |tmp_105_reg_7748             |    8|   0|   64|         56|
    |tmp_106_reg_7775             |    8|   0|   64|         56|
    |tmp_107_reg_7802             |    8|   0|   64|         56|
    |tmp_77_reg_6957              |    8|   0|   64|         56|
    |tmp_78_reg_6984              |    8|   0|   64|         56|
    |tmp_79_reg_7011              |    8|   0|   64|         56|
    |tmp_80_reg_7038              |    8|   0|   64|         56|
    |tmp_81_reg_7065              |    8|   0|   64|         56|
    |tmp_82_reg_7092              |    8|   0|   64|         56|
    |tmp_83_reg_7119              |    8|   0|   64|         56|
    |tmp_84_reg_7146              |    8|   0|   64|         56|
    |tmp_85_reg_7173              |    8|   0|   64|         56|
    |tmp_86_reg_7200              |    8|   0|   64|         56|
    |tmp_87_reg_7227              |    8|   0|   64|         56|
    |tmp_88_reg_7254              |    8|   0|   64|         56|
    |tmp_89_reg_7281              |    8|   0|   64|         56|
    |tmp_90_reg_7308              |    8|   0|   64|         56|
    |tmp_91_reg_7335              |    8|   0|   64|         56|
    |tmp_92_reg_7362              |    8|   0|   64|         56|
    |tmp_93_reg_7389              |    8|   0|   64|         56|
    |tmp_94_reg_7416              |    8|   0|   64|         56|
    |tmp_95_reg_7443              |    8|   0|   64|         56|
    |tmp_96_reg_7470              |    8|   0|   64|         56|
    |tmp_97_reg_7502              |    8|   0|   64|         56|
    |tmp_98_reg_7524              |    8|   0|   64|         56|
    |tmp_99_reg_7586              |    8|   0|   64|         56|
    |tmp_s_reg_6895               |    8|   0|   13|          5|
    |zext_ln56_1_cast_reg_6534    |    9|   0|  512|        503|
    |zext_ln56_cast_reg_6630      |    9|   0|  512|        503|
    |zext_ln72_cast_reg_6438      |    9|   0|  512|        503|
    +-----------------------------+-----+----+-----+-----------+
    |Total                        |57970|   0|83937|      25967|
    +-----------------------------+-----+----+-----+-----------+



================================================================
== Interface
================================================================
* Summary: 
+---------------------------+-----+-----+------------+-----------------------------------------+--------------+
|         RTL Ports         | Dir | Bits|  Protocol  |              Source Object              |    C Type    |
+---------------------------+-----+-----+------------+-----------------------------------------+--------------+
|ap_clk                     |   in|    1|  ap_ctrl_hs|  sssp_kernel_0_Pipeline_VITIS_LOOP_54_15|  return value|
|ap_rst                     |   in|    1|  ap_ctrl_hs|  sssp_kernel_0_Pipeline_VITIS_LOOP_54_15|  return value|
|ap_start                   |   in|    1|  ap_ctrl_hs|  sssp_kernel_0_Pipeline_VITIS_LOOP_54_15|  return value|
|ap_done                    |  out|    1|  ap_ctrl_hs|  sssp_kernel_0_Pipeline_VITIS_LOOP_54_15|  return value|
|ap_idle                    |  out|    1|  ap_ctrl_hs|  sssp_kernel_0_Pipeline_VITIS_LOOP_54_15|  return value|
|ap_ready                   |  out|    1|  ap_ctrl_hs|  sssp_kernel_0_Pipeline_VITIS_LOOP_54_15|  return value|
|m_axi_gmem_AWVALID         |  out|    1|       m_axi|                                     gmem|       pointer|
|m_axi_gmem_AWREADY         |   in|    1|       m_axi|                                     gmem|       pointer|
|m_axi_gmem_AWADDR          |  out|   64|       m_axi|                                     gmem|       pointer|
|m_axi_gmem_AWID            |  out|    1|       m_axi|                                     gmem|       pointer|
|m_axi_gmem_AWLEN           |  out|   32|       m_axi|                                     gmem|       pointer|
|m_axi_gmem_AWSIZE          |  out|    3|       m_axi|                                     gmem|       pointer|
|m_axi_gmem_AWBURST         |  out|    2|       m_axi|                                     gmem|       pointer|
|m_axi_gmem_AWLOCK          |  out|    2|       m_axi|                                     gmem|       pointer|
|m_axi_gmem_AWCACHE         |  out|    4|       m_axi|                                     gmem|       pointer|
|m_axi_gmem_AWPROT          |  out|    3|       m_axi|                                     gmem|       pointer|
|m_axi_gmem_AWQOS           |  out|    4|       m_axi|                                     gmem|       pointer|
|m_axi_gmem_AWREGION        |  out|    4|       m_axi|                                     gmem|       pointer|
|m_axi_gmem_AWUSER          |  out|    1|       m_axi|                                     gmem|       pointer|
|m_axi_gmem_WVALID          |  out|    1|       m_axi|                                     gmem|       pointer|
|m_axi_gmem_WREADY          |   in|    1|       m_axi|                                     gmem|       pointer|
|m_axi_gmem_WDATA           |  out|  512|       m_axi|                                     gmem|       pointer|
|m_axi_gmem_WSTRB           |  out|   64|       m_axi|                                     gmem|       pointer|
|m_axi_gmem_WLAST           |  out|    1|       m_axi|                                     gmem|       pointer|
|m_axi_gmem_WID             |  out|    1|       m_axi|                                     gmem|       pointer|
|m_axi_gmem_WUSER           |  out|    1|       m_axi|                                     gmem|       pointer|
|m_axi_gmem_ARVALID         |  out|    1|       m_axi|                                     gmem|       pointer|
|m_axi_gmem_ARREADY         |   in|    1|       m_axi|                                     gmem|       pointer|
|m_axi_gmem_ARADDR          |  out|   64|       m_axi|                                     gmem|       pointer|
|m_axi_gmem_ARID            |  out|    1|       m_axi|                                     gmem|       pointer|
|m_axi_gmem_ARLEN           |  out|   32|       m_axi|                                     gmem|       pointer|
|m_axi_gmem_ARSIZE          |  out|    3|       m_axi|                                     gmem|       pointer|
|m_axi_gmem_ARBURST         |  out|    2|       m_axi|                                     gmem|       pointer|
|m_axi_gmem_ARLOCK          |  out|    2|       m_axi|                                     gmem|       pointer|
|m_axi_gmem_ARCACHE         |  out|    4|       m_axi|                                     gmem|       pointer|
|m_axi_gmem_ARPROT          |  out|    3|       m_axi|                                     gmem|       pointer|
|m_axi_gmem_ARQOS           |  out|    4|       m_axi|                                     gmem|       pointer|
|m_axi_gmem_ARREGION        |  out|    4|       m_axi|                                     gmem|       pointer|
|m_axi_gmem_ARUSER          |  out|    1|       m_axi|                                     gmem|       pointer|
|m_axi_gmem_RVALID          |   in|    1|       m_axi|                                     gmem|       pointer|
|m_axi_gmem_RREADY          |  out|    1|       m_axi|                                     gmem|       pointer|
|m_axi_gmem_RDATA           |   in|  512|       m_axi|                                     gmem|       pointer|
|m_axi_gmem_RLAST           |   in|    1|       m_axi|                                     gmem|       pointer|
|m_axi_gmem_RID             |   in|    1|       m_axi|                                     gmem|       pointer|
|m_axi_gmem_RUSER           |   in|    1|       m_axi|                                     gmem|       pointer|
|m_axi_gmem_RRESP           |   in|    2|       m_axi|                                     gmem|       pointer|
|m_axi_gmem_BVALID          |   in|    1|       m_axi|                                     gmem|       pointer|
|m_axi_gmem_BREADY          |  out|    1|       m_axi|                                     gmem|       pointer|
|m_axi_gmem_BRESP           |   in|    2|       m_axi|                                     gmem|       pointer|
|m_axi_gmem_BID             |   in|    1|       m_axi|                                     gmem|       pointer|
|m_axi_gmem_BUSER           |   in|    1|       m_axi|                                     gmem|       pointer|
|e_src_buffer_b_address0    |  out|   12|   ap_memory|                           e_src_buffer_b|         array|
|e_src_buffer_b_ce0         |  out|    1|   ap_memory|                           e_src_buffer_b|         array|
|e_src_buffer_b_we0         |  out|    1|   ap_memory|                           e_src_buffer_b|         array|
|e_src_buffer_b_d0          |  out|   32|   ap_memory|                           e_src_buffer_b|         array|
|e_dst_buffer_b_address0    |  out|   12|   ap_memory|                           e_dst_buffer_b|         array|
|e_dst_buffer_b_ce0         |  out|    1|   ap_memory|                           e_dst_buffer_b|         array|
|e_dst_buffer_b_we0         |  out|    1|   ap_memory|                           e_dst_buffer_b|         array|
|e_dst_buffer_b_d0          |  out|    5|   ap_memory|                           e_dst_buffer_b|         array|
|out_deg_buffer_b_address0  |  out|   12|   ap_memory|                         out_deg_buffer_b|         array|
|out_deg_buffer_b_ce0       |  out|    1|   ap_memory|                         out_deg_buffer_b|         array|
|out_deg_buffer_b_we0       |  out|    1|   ap_memory|                         out_deg_buffer_b|         array|
|out_deg_buffer_b_d0        |  out|   32|   ap_memory|                         out_deg_buffer_b|         array|
|zext_ln54                  |   in|   37|     ap_none|                                zext_ln54|        scalar|
|e_src                      |   in|   64|     ap_none|                                    e_src|        scalar|
|p_cast509                  |   in|    9|     ap_none|                                p_cast509|        scalar|
|p_cast510                  |   in|    9|     ap_none|                                p_cast510|        scalar|
|p_cast511                  |   in|    9|     ap_none|                                p_cast511|        scalar|
|p_cast512                  |   in|    9|     ap_none|                                p_cast512|        scalar|
|p_cast513                  |   in|    9|     ap_none|                                p_cast513|        scalar|
|p_cast514                  |   in|    9|     ap_none|                                p_cast514|        scalar|
|p_cast515                  |   in|    9|     ap_none|                                p_cast515|        scalar|
|p_cast516                  |   in|    9|     ap_none|                                p_cast516|        scalar|
|p_cast517                  |   in|    9|     ap_none|                                p_cast517|        scalar|
|p_cast518                  |   in|    9|     ap_none|                                p_cast518|        scalar|
|p_cast519                  |   in|    9|     ap_none|                                p_cast519|        scalar|
|p_cast520                  |   in|    9|     ap_none|                                p_cast520|        scalar|
|p_cast521                  |   in|    9|     ap_none|                                p_cast521|        scalar|
|p_cast522                  |   in|    9|     ap_none|                                p_cast522|        scalar|
|p_cast523                  |   in|    9|     ap_none|                                p_cast523|        scalar|
|zext_ln56                  |   in|    9|     ap_none|                                zext_ln56|        scalar|
|e_dst                      |   in|   64|     ap_none|                                    e_dst|        scalar|
|p_cast525                  |   in|    9|     ap_none|                                p_cast525|        scalar|
|p_cast526                  |   in|    9|     ap_none|                                p_cast526|        scalar|
|p_cast527                  |   in|    9|     ap_none|                                p_cast527|        scalar|
|p_cast528                  |   in|    9|     ap_none|                                p_cast528|        scalar|
|p_cast529                  |   in|    9|     ap_none|                                p_cast529|        scalar|
|p_cast530                  |   in|    9|     ap_none|                                p_cast530|        scalar|
|p_cast531                  |   in|    9|     ap_none|                                p_cast531|        scalar|
|p_cast532                  |   in|    9|     ap_none|                                p_cast532|        scalar|
|p_cast533                  |   in|    9|     ap_none|                                p_cast533|        scalar|
|p_cast534                  |   in|    9|     ap_none|                                p_cast534|        scalar|
|p_cast535                  |   in|    9|     ap_none|                                p_cast535|        scalar|
|p_cast536                  |   in|    9|     ap_none|                                p_cast536|        scalar|
|p_cast537                  |   in|    9|     ap_none|                                p_cast537|        scalar|
|p_cast538                  |   in|    9|     ap_none|                                p_cast538|        scalar|
|p_cast539                  |   in|    9|     ap_none|                                p_cast539|        scalar|
|zext_ln56_1                |   in|    9|     ap_none|                              zext_ln56_1|        scalar|
|out_degree                 |   in|   64|     ap_none|                               out_degree|        scalar|
|p_cast541                  |   in|    9|     ap_none|                                p_cast541|        scalar|
|p_cast542                  |   in|    9|     ap_none|                                p_cast542|        scalar|
|p_cast543                  |   in|    9|     ap_none|                                p_cast543|        scalar|
|p_cast544                  |   in|    9|     ap_none|                                p_cast544|        scalar|
|p_cast545                  |   in|    9|     ap_none|                                p_cast545|        scalar|
|p_cast546                  |   in|    9|     ap_none|                                p_cast546|        scalar|
|p_cast547                  |   in|    9|     ap_none|                                p_cast547|        scalar|
|p_cast548                  |   in|    9|     ap_none|                                p_cast548|        scalar|
|p_cast549                  |   in|    9|     ap_none|                                p_cast549|        scalar|
|p_cast550                  |   in|    9|     ap_none|                                p_cast550|        scalar|
|p_cast551                  |   in|    9|     ap_none|                                p_cast551|        scalar|
|p_cast552                  |   in|    9|     ap_none|                                p_cast552|        scalar|
|p_cast553                  |   in|    9|     ap_none|                                p_cast553|        scalar|
|p_cast554                  |   in|    9|     ap_none|                                p_cast554|        scalar|
|p_cast555                  |   in|    9|     ap_none|                                p_cast555|        scalar|
|zext_ln72                  |   in|    9|     ap_none|                                zext_ln72|        scalar|
+---------------------------+-----+-----+------------+-----------------------------------------+--------------+

